******************************************************************************
            TI ARM Clang Linker PC v4.0.4                      
******************************************************************************
>> Linked Mon May 25 16:14:38 2026

OUTPUT FILE NAME:   <empty_driverlib_src_LP_MSPM0G3507_nortos_ticlang.out>
ENTRY POINT SYMBOL: "_c_int00_noargs"  address: 000061c9


MEMORY CONFIGURATION

         name            origin    length      used     unused   attr    fill
----------------------  --------  ---------  --------  --------  ----  --------
  FLASH                 00000000   00020000  00006a50  000195b0  R  X
  SRAM                  20200000   00008000  00001118  00006ee8  RW X
  BCR_CONFIG            41c00000   000000ff  00000000  000000ff  R   
  BSL_CONFIG            41c00100   00000080  00000000  00000080  R   


SEGMENT ALLOCATION MAP

run origin  load origin   length   init length attrs members
----------  ----------- ---------- ----------- ----- -------
00000000    00000000    00006a50   00006a50    r-x
  00000000    00000000    000000c0   000000c0    r-- .intvecs
  000000c0    000000c0    000066c0   000066c0    r-x .text
  00006780    00006780    00000220   00000220    r-- .rodata
  000069a0    000069a0    000000b0   000000b0    r-- .cinit
20200000    20200000    00000f1b   00000000    rw-
  20200000    20200000    00000800   00000000    rw- .sysmem
  20200800    20200800    00000455   00000000    rw- .bss
  20200c58    20200c58    000002c3   00000000    rw- .data
20207e00    20207e00    00000200   00000000    rw-
  20207e00    20207e00    00000200   00000000    rw- .stack


SECTION ALLOCATION MAP

 output                                  attributes/
section   page    origin      length       input sections
--------  ----  ----------  ----------   ----------------
.intvecs   0    00000000    000000c0     
                  00000000    000000c0     startup_mspm0g350x_ticlang.o (.intvecs)

.text      0    000000c0    000066c0     
                  000000c0    000009d0     libc.a : _printfi.c.obj (.text:__TI_printfi)
                  00000a90    000005f4     task4.o (.text.Task4_Task)
                  00001084    0000037c     main.o (.text.Control_Task)
                  00001400    00000368     task3.o (.text.Task3_Task)
                  00001768    00000270     task4.o (.text.Task4_GetLineError)
                  000019d8    00000260     iic.o (.text.IIC_Read_Byte)
                  00001c38    00000240     mpu6050.o (.text.MPU6050_Init)
                  00001e78    00000220     libc.a : _printfi.c.obj (.text._pconv_a)
                  00002098    000001dc            : _printfi.c.obj (.text._pconv_g)
                  00002274    000001c8            : s_atanf.c.obj (.text.atanf)
                  0000243c    000001a0     iic.o (.text.IIC_Start)
                  000025dc    000001a0     iic.o (.text.IIC_Stop)
                  0000277c    00000192     libclang_rt.builtins.a : adddf3.S.obj (.text.adddf3_subdf3)
                  0000290e    00000002     startup_mspm0g350x_ticlang.o (.text.Default_Handler)
                  00002910    00000164     blue_serial.o (.text.BlueSerial_Task)
                  00002a74    00000164     iic.o (.text.IIC_Send_Byte)
                  00002bd8    0000014c     iic.o (.text.IIC_Wait_Ack)
                  00002d24    00000140     task2.o (.text.Task2_Task)
                  00002e64    0000013c     libc.a : _printfi.c.obj (.text.fcvt)
                  00002fa0    0000012c     main.o (.text.main)
                  000030cc    00000120     libc.a : _printfi.c.obj (.text._pconv_e)
                  000031ec    00000118            : e_atan2f.c.obj (.text.atan2f)
                  00003304    00000114     sensor.o (.text.Sensor_JC)
                  00003418    00000114     libc.a : memory.c.obj (.text.aligned_alloc)
                  0000352c    00000110     mpu6050.o (.text.MPU6050_Read_Bytes)
                  0000363c    0000010c     libclang_rt.builtins.a : divdf3.S.obj (.text.__divdf3)
                  00003748    00000104     dl_timer.o (.text.DL_Timer_initFourCCPWMMode)
                  0000384c    000000fc     dl_timer.o (.text.DL_Timer_initTimerMode)
                  00003948    000000f8     PID.o (.text.Speed_PI_Control)
                  00003a40    000000f8     libc.a : fputs.c.obj (.text.fputs)
                  00003b38    000000e8     PID.o (.text.Balance_PID)
                  00003c20    000000e8     PID.o (.text.Turn_Control)
                  00003d08    000000e8     libc.a : memory.c.obj (.text.free)
                  00003df0    000000e4     libclang_rt.builtins.a : muldf3.S.obj (.text.__muldf3)
                  00003ed4    000000e0     libc.a : setvbuf.c.obj (.text.setvbuf)
                  00003fb4    000000d8            : s_scalbn.c.obj (.text.scalbn)
                  0000408c    000000d8     libclang_rt.builtins.a : addsf3.S.obj (.text)
                  00004164    000000d4     blue_serial.o (.text.BlueSerial_StartTask)
                  00004238    000000bc     mpu6050.o (.text.MPU6050_Read_Data)
                  000042f4    000000ac     task4.o (.text.Task4_Init)
                  000043a0    000000a8     tasks.o (.text.Tasks_Task)
                  00004448    000000a2     libclang_rt.builtins.a : udivmoddi4.S.obj (.text)
                  000044ea    0000009a     libc.a : memcpy16.S.obj (.text:memcpy)
                  00004584    00000090     alert.o (.text.Alert_Task)
                  00004614    00000090     ti_msp_dl_config.o (.text.SYSCFG_DL_PWM_0_init)
                  000046a4    00000090     motor.o (.text.Set_Motor_Speed)
                  00004734    00000090     task3.o (.text.Task3_Init)
                  000047c4    0000008c     libclang_rt.builtins.a : mulsf3.S.obj (.text.__mulsf3)
                  00004850    0000008c     libc.a : s_floorf.c.obj (.text.floorf)
                  000048dc    00000088     mpu6050.o (.text.MPU6050_Calculate_Attitude)
                  00004964    0000000c     PID.o (.text.Get_Balance_Output)
                  00004970    00000088     libc.a : strcmp-armv6m.S.obj (.text:strcmp)
                  000049f8    00000082     libclang_rt.builtins.a : divsf3.S.obj (.text.__divsf3)
                  00004a7a    00000002                            : aeabi_div0.c.obj (.text.__aeabi_idiv0)
                  00004a7c    00000080     ti_msp_dl_config.o (.text.SYSCFG_DL_UART_0_init)
                  00004afc    00000080     ti_msp_dl_config.o (.text.SYSCFG_DL_UART_1_init)
                  00004b7c    0000007c     blue_serial.o (.text.UART1_IRQHandler)
                  00004bf8    0000007c     libc.a : fclose.c.obj (.text.__TI_closefile)
                  00004c74    0000007c            : copy_decompress_lzss.c.obj (.text:decompress:lzss)
                  00004cf0    00000078     blue_serial.o (.text.BlueSerial_SendPitchTask)
                  00004d68    00000074     PID.o (.text.PID_Init)
                  00004ddc    00000074     PID.o (.text.PID_Reset)
                  00004e50    00000074     libclang_rt.builtins.a : comparedf2.c.obj (.text.__gedf2)
                  00004ec4    0000006c     libsysbm.a : hostlseek.c.obj (.text.HOSTlseek)
                  00004f30    0000006c                : hostrename.c.obj (.text.HOSTrename)
                  00004f9c    0000006c     task2.o (.text.Task2_Init)
                  00005008    0000006c     libc.a : fseek.c.obj (.text.fseeko)
                  00005074    0000006c            : getdevice.c.obj (.text.getdevice)
                  000050e0    00000068     blue_serial.o (.text.BlueSerial_Init)
                  00005148    00000068     libclang_rt.builtins.a : comparedf2.c.obj (.text.__ledf2)
                  000051b0    00000068     libc.a : s_roundf.c.obj (.text.roundf)
                  00005218    00000066            : _printfi.c.obj (.text._mcpy)
                  0000527e    00000064            : _io_perm.c.obj (.text.__TI_wrt_ok)
                  000052e2    00000002     libclang_rt.builtins.a : aeabi_div0.c.obj (.text.__aeabi_ldiv0)
                  000052e4    00000064     libc.a : memory.c.obj (.text.split)
                  00005348    00000062     libclang_rt.builtins.a : aeabi_dcmp.S.obj (.text.__aeabi_dcmp)
                  000053aa    00000002     libc.a : _lock.c.obj (.text._nop)
                  000053ac    00000062     libclang_rt.builtins.a : aeabi_fcmp.S.obj (.text.__aeabi_fcmp)
                  0000540e    00000062     libc.a : memset16.S.obj (.text:memset)
                  00005470    00000060     blue_serial.o (.text.BlueSerial_Printf)
                  000054d0    00000060     libsysbm.a : hostopen.c.obj (.text.HOSTopen)
                  00005530    00000060     ti_msp_dl_config.o (.text.SYSCFG_DL_initPower)
                  00005590    0000005c     libc.a : s_frexp.c.obj (.text.frexp)
                  000055ec    00000058     blue_serial.o (.text.BlueSerial_UpdateActiveTask)
                  00005644    00000058     libsysbm.a : hostread.c.obj (.text.HOSTread)
                  0000569c    00000058                : hostwrite.c.obj (.text.HOSTwrite)
                  000056f4    00000058     motor.o (.text.Motor_Init)
                  0000574c    00000058     libc.a : _ltoa.c.obj (.text.__TI_ltoa)
                  000057a4    00000058            : _printfi.c.obj (.text._pconv_f)
                  000057fc    00000056     libclang_rt.builtins.a : aeabi_idivmod.S.obj (.text.__aeabi_idivmod)
                  00005852    00000002     --HOLE-- [fill = 0]
                  00005854    00000054     alert.o (.text.Alert_Request)
                  000058a8    00000054     ti_msp_dl_config.o (.text.SYSCFG_DL_QEI_0_init)
                  000058fc    00000052     libc.a : fflush.c.obj (.text.__TI_doflush)
                  0000594e    00000052            : _printfi.c.obj (.text._ecpy)
                  000059a0    00000050     libsysbm.a : close.c.obj (.text.close)
                  000059f0    0000004e     mpu6050.o (.text.MPU6050_Read_RawData)
                  00005a3e    00000002     --HOLE-- [fill = 0]
                  00005a40    0000004c     encoder.o (.text.Encoder_Init)
                  00005a8c    0000004a     libclang_rt.builtins.a : fixdfsi.S.obj (.text.__fixdfsi)
                  00005ad6    00000002     --HOLE-- [fill = 0]
                  00005ad8    00000048     dl_uart.o (.text.DL_UART_init)
                  00005b20    00000048     libsysbm.a : hostclose.c.obj (.text.HOSTclose)
                  00005b68    00000048                : hostunlink.c.obj (.text.HOSTunlink)
                  00005bb0    00000048     libc.a : strtok.c.obj (.text.strtok)
                  00005bf8    00000046     mpu6050.o (.text.MPU6050_Write_Byte)
                  00005c3e    00000002     --HOLE-- [fill = 0]
                  00005c40    00000044     ti_msp_dl_config.o (.text.SYSCFG_DL_GPIO_init)
                  00005c84    00000044     ti_msp_dl_config.o (.text.SYSCFG_DL_init)
                  00005cc8    00000040     libclang_rt.builtins.a : aeabi_uidivmod.S.obj (.text.__aeabi_uidivmod)
                  00005d08    00000040     libc.a : atoi.c.obj (.text.atoi)
                  00005d48    0000003c     libclang_rt.builtins.a : floatsisf.S.obj (.text.__floatsisf)
                  00005d84    0000003c                            : comparesf2.S.obj (.text.__gtsf2)
                  00005dc0    0000003c     libc.a : autoinit.c.obj (.text:__TI_auto_init_nobinit_nopinit)
                  00005dfc    0000003a     libclang_rt.builtins.a : comparesf2.S.obj (.text.__eqsf2)
                  00005e36    00000002     --HOLE-- [fill = 0]
                  00005e38    0000003a                            : muldsi3.S.obj (.text.__muldsi3)
                  00005e72    00000002     --HOLE-- [fill = 0]
                  00005e74    00000038     ti_msp_dl_config.o (.text.SYSCFG_DL_TIMER_0_init)
                  00005eac    00000038     libclang_rt.builtins.a : fixsfsi.S.obj (.text.__fixsfsi)
                  00005ee4    00000034     libc.a : fopen.c.obj (.text.__TI_cleanup)
                  00005f18    00000034     libsysbm.a : trgmsg.c.obj (.text.__TI_readmsg)
                  00005f4c    00000034                : trgmsg.c.obj (.text.__TI_writemsg)
                  00005f80    00000034     libc.a : exit.c.obj (.text.exit)
                  00005fb4    00000034            : getdevice.c.obj (.text.finddevice)
                  00005fe8    00000030     alert.o (.text.Alert_Init)
                  00006018    00000030     ti_msp_dl_config.o (.text.SYSCFG_DL_SYSCTL_init)
                  00006048    00000030     libc.a : _printfi.c.obj (.text._fcpy)
                  00006078    0000002c     task4.o (.text.Task4_RequestStart)
                  000060a4    0000002c     libclang_rt.builtins.a : floatsidf.S.obj (.text.__floatsidf)
                  000060d0    0000002c     libsysbm.a : unlink.c.obj (.text.unlink)
                  000060fc    0000002c     libc.a : vsprintf.c.obj (.text.vsprintf)
                  00006128    00000028     encoder.o (.text.Read_Encoder)
                  00006150    00000028     libc.a : memory.c.obj (.text.free_list_insert)
                  00006178    00000028     libsysbm.a : lseek.c.obj (.text.lseek)
                  000061a0    00000028                : write.c.obj (.text.write)
                  000061c8    00000028     libc.a : boot_cortex_m.c.obj (.text:_c_int00_noargs)
                  000061f0    00000026            : strspn.c.obj (.text.strspn)
                  00006216    00000002     --HOLE-- [fill = 0]
                  00006218    00000024     sensor.o (.text.Sensor_Init)
                  0000623c    00000024     main.o (.text.TIMA0_IRQHandler)
                  00006260    00000024     PID.o (.text.Turn_Reset)
                  00006284    00000024     libclang_rt.builtins.a : muldi3.S.obj (.text.__muldi3)
                  000062a8    00000024     main.o (.text.delay_ms)
                  000062cc    00000024     libc.a : fputs.c.obj (.text.puts)
                  000062f0    00000024            : strcspn.c.obj (.text.strcspn)
                  00006314    00000022            : memccpy.c.obj (.text.memccpy)
                  00006336    00000002     --HOLE-- [fill = 0]
                  00006338    00000020     iic.o (.text.IIC_Init)
                  00006358    00000020     tasks.o (.text.Tasks_Init)
                  00006378    0000001e     libclang_rt.builtins.a : ashldi3.S.obj (.text.__ashldi3)
                  00006396    00000002     --HOLE-- [fill = 0]
                  00006398    0000001c     dl_timer.o (.text.DL_Timer_setCaptCompUpdateMethod)
                  000063b4    0000001c     dl_timer.o (.text.DL_Timer_setClockConfig)
                  000063d0    0000001c     task2.o (.text.Task2_RequestStart)
                  000063ec    0000001c     task2.o (.text.Task2_UpdateSensor)
                  00006408    0000001c     task3.o (.text.Task3_RequestStart)
                  00006424    0000001c     task3.o (.text.Task3_UpdateSensor)
                  00006440    0000001c     task4.o (.text.Task4_UpdateSensor)
                  0000645c    0000001c     libc.a : memory.c.obj (.text.free_list_remove)
                  00006478    00000018     dl_timer.o (.text.DL_Timer_setCaptureCompareOutCtl)
                  00006490    00000018     libc.a : vsprintf.c.obj (.text._outs)
                  000064a8    00000016     libclang_rt.builtins.a : comparesf2.S.obj (.text.__unordsf2)
                  000064be    00000002     --HOLE-- [fill = 0]
                  000064c0    00000014     blue_serial.o (.text.BlueSerial_IsTaskControlEnabled)
                  000064d4    00000014     mpu6050.o (.text.MPU6050_Get_Gyro_Pitch)
                  000064e8    00000014     libclang_rt.builtins.a : aeabi_uldivmod.S.obj (.text.__aeabi_uldivmod)
                  000064fc    00000014     libc.a : _printfi.c.obj (.text.strchr)
                  00006510    00000012     dl_uart.o (.text.DL_UART_setClockConfig)
                  00006522    00000012     libc.a : copy_decompress_none.c.obj (.text:decompress:none)
                  00006534    00000010     dl_timer.o (.text.DL_Timer_setCaptureCompareValue)
                  00006544    00000010     main.o (.text.SysTick_Handler)
                  00006554    00000010     libc.a : wcslen.c.obj (.text.wcslen)
                  00006564    00000010            : copy_zero_init.c.obj (.text:decompress:ZI)
                  00006574    0000000e            : memory.c.obj (.text.OUTLINED_FUNCTION_0)
                  00006582    00000002     --HOLE-- [fill = 0]
                  00006584    0000000e     libclang_rt.builtins.a : aeabi_memset.S.obj (.text.__aeabi_memset)
                  00006592    0000000e     libsysbm.a : hostrename.c.obj (.text.strcpy)
                  000065a0    0000000e     libc.a : _printfi.c.obj (.text.strlen)
                  000065ae    0000000e     libsysbm.a : hostrename.c.obj (.text.strlen)
                  000065bc    0000000c     PID.o (.text.Get_Speed_Angle_Offset)
                  000065c8    0000000c     PID.o (.text.Get_Turn_Output)
                  000065d4    0000000c     sensor.o (.text.Sensor_GetBits)
                  000065e0    0000000c     sensor.o (.text.Sensor_GetError)
                  000065ec    0000000c     sensor.o (.text.Sensor_IsValid)
                  000065f8    0000000c     PID.o (.text.Set_Speed_Target)
                  00006604    0000000c     PID.o (.text.Set_Turn_Target)
                  00006610    0000000c     task2.o (.text.Task2_GetState)
                  0000661c    0000000c     task2.o (.text.Task2_GetTargetSpeed)
                  00006628    0000000c     task2.o (.text.Task2_RequestFault)
                  00006634    0000000c     task3.o (.text.Task3_ClearPointEvent)
                  00006640    0000000c     task3.o (.text.Task3_GetPointEvent)
                  0000664c    0000000c     task3.o (.text.Task3_GetState)
                  00006658    0000000c     task3.o (.text.Task3_GetTargetSpeed)
                  00006664    0000000c     task3.o (.text.Task3_GetTargetTurn)
                  00006670    0000000c     task3.o (.text.Task3_RequestFault)
                  0000667c    0000000c     task4.o (.text.Task4_ClearPointEvent)
                  00006688    0000000c     task4.o (.text.Task4_GetPointEvent)
                  00006694    0000000c     task4.o (.text.Task4_GetState)
                  000066a0    0000000c     task4.o (.text.Task4_GetTargetSpeed)
                  000066ac    0000000c     task4.o (.text.Task4_GetTargetTurn)
                  000066b8    0000000c     task4.o (.text.Task4_RequestFault)
                  000066c4    0000000c     libclang_rt.builtins.a : aeabi_memset.S.obj (.text.__aeabi_memclr)
                  000066d0    0000000c     libc.a : memory.c.obj (.text.malloc)
                  000066dc    0000000a     dl_common.o (.text.DL_Common_delayCycles)
                  000066e6    0000000a     libc.a : _printfi.c.obj (.text.OUTLINED_FUNCTION_0)
                  000066f0    00000010     libclang_rt.builtins.a : adddf3.S.obj (.tramp.__aeabi_dsub.1)
                  00006700    0000000a     libc.a : s_roundf.c.obj (.text.OUTLINED_FUNCTION_0)
                  0000670a    00000002     --HOLE-- [fill = 0]
                  0000670c    00000010     libclang_rt.builtins.a : addsf3.S.obj (.tramp.__aeabi_fadd.1)
                  0000671c    0000000a     libc.a : _printfi.c.obj (.text.OUTLINED_FUNCTION_1)
                  00006726    0000000a            : vsprintf.c.obj (.text._outc)
                  00006730    00000008            : aeabi_portable.c.obj (.text.__aeabi_errno_addr)
                  00006738    00000008     libclang_rt.builtins.a : aeabi_memcpy.S.obj (.text.__aeabi_memcpy)
                  00006740    00000008     libc.a : fseek.c.obj (.text.fseek)
                  00006748    00000008     libsysbm.a : remove.c.obj (.text.remove)
                  00006750    00000006     libc.a : s_atanf.c.obj (.text.OUTLINED_FUNCTION_0)
                  00006756    00000002     --HOLE-- [fill = 0]
                  00006758    00000010     libclang_rt.builtins.a : divsf3.S.obj (.tramp.__aeabi_fdiv.1)
                  00006768    00000006     libc.a : exit.c.obj (.text:abort)
                  0000676e    00000004     libsysbm.a : hostexit.c.obj (.text.HOSTexit)
                  00006772    00000004     libc.a : s_atanf.c.obj (.text.OUTLINED_FUNCTION_1)
                  00006776    00000004     startup_mspm0g350x_ticlang.o (.text.Reset_Handler)
                  0000677a    00000004     libc.a : pre_init.c.obj (.text._system_pre_init)
                  0000677e    00000002     --HOLE-- [fill = 0]

.cinit     0    000069a0    000000b0     
                  000069a0    0000008a     (.cinit..data.load) [load image, compression = lzss]
                  00006a2a    00000002     --HOLE-- [fill = 0]
                  00006a2c    0000000c     (__TI_handler_table)
                  00006a38    00000008     (.cinit..bss.load) [load image, compression = zero_init]
                  00006a40    00000010     (__TI_cinit_table)

.rodata    0    00006780    00000220     
                  00006780    00000101     libc.a : aeabi_ctype.S.obj (.rodata:__aeabi_ctype_table_)
                  00006881    00000003     ti_msp_dl_config.o (.rodata.gPWM_0ClockConfig)
                  00006884    00000020     libc.a : s_atanf.c.obj (.rodata.cst16)
                  000068a4    00000015     main.o (.rodata.str1.11272840709118174904.1)
                  000068b9    00000015     main.o (.rodata.str1.735639854651301470.1)
                  000068ce    00000002     ti_msp_dl_config.o (.rodata.gUART_0ClockConfig)
                  000068d0    00000014     ti_msp_dl_config.o (.rodata.gTIMER_0TimerConfig)
                  000068e4    00000011     libc.a : _printfi.c.obj (.rodata.str1.10348868589481759720.1)
                  000068f5    00000011            : _printfi.c.obj (.rodata.str1.15363888844622738466.1)
                  00006906    0000000f     blue_serial.o (.rodata.str1.12544011832198453878.1)
                  00006915    0000000f     blue_serial.o (.rodata.str1.4182676309467240215.1)
                  00006924    0000000e     blue_serial.o (.rodata.str1.1966365177918705248.1)
                  00006932    0000000e     blue_serial.o (.rodata.str1.688338253107222314.1)
                  00006940    0000000d     blue_serial.o (.rodata.str1.2004433956930356117.1)
                  0000694d    0000000b     blue_serial.o (.rodata.str1.1435605812651654857.1)
                  00006958    0000000a     ti_msp_dl_config.o (.rodata.gUART_0Config)
                  00006962    0000000a     ti_msp_dl_config.o (.rodata.gUART_1Config)
                  0000696c    00000009     blue_serial.o (.rodata.str1.5798145946613879055.1)
                  00006975    00000003     ti_msp_dl_config.o (.rodata.gQEI_0ClockConfig)
                  00006978    00000008     ti_msp_dl_config.o (.rodata.gPWM_0Config)
                  00006980    00000007     blue_serial.o (.rodata.str1.14649973168060749670.1)
                  00006987    00000005     blue_serial.o (.rodata.str1.10751466461482941298.1)
                  0000698c    00000005     blue_serial.o (.rodata.str1.3203455557432648912.1)
                  00006991    00000003     ti_msp_dl_config.o (.rodata.gTIMER_0ClockConfig)
                  00006994    00000002     ti_msp_dl_config.o (.rodata.gUART_1ClockConfig)
                  00006996    00000002     libc.a : fputs.c.obj (.rodata.str1.16607721268415185390.1)
                  00006998    00000002     blue_serial.o (.rodata.str1.7824918140557859979.1)
                  0000699a    00000006     --HOLE-- [fill = 0]

.init_array 
*          0    00000000    00000000     UNINITIALIZED

.binit     0    00000000    00000000     

.sysmem    0    20200000    00000800     UNINITIALIZED
                  20200000    00000010     libc.a : memory.c.obj (.sysmem)
                  20200010    000007f0     --HOLE--

.bss       0    20200800    00000455     UNINITIALIZED
                  20200800    00000120     libsysbm.a : trgmsg.c.obj (.bss:_CIOBUF_)
                  20200920    000000bc     (.common:gTIMER_0Backup)
                  202009dc    000000a0     libc.a : defs.c.obj (.bss.__TI_tmpnams)
                  20200a7c    000000a0     (.common:gPWM_0Backup)
                  20200b1c    000000a0     (.common:gQEI_0Backup)
                  20200bbc    00000064     (.common:BlueSerial_RxPacket)
                  20200c20    0000001c     (.common:mpu_data)
                  20200c3c    0000000c     (.common:attitude)
                  20200c48    00000008     libsysbm.a : hostopen.c.obj (.bss.parmbuf)
                  20200c50    00000004     libc.a : memory.c.obj (.bss.sys_free)
                  20200c54    00000001     (.common:BlueSerial_RxFlag)

.data      0    20200c58    000002c3     UNINITIALIZED
                  20200c58    000000f0     libc.a : defs.c.obj (.data._ftable)
                  20200d48    00000078     libsysbm.a : host_device.c.obj (.data._device)
                  20200dc0    00000050                : host_device.c.obj (.data._stream)
                  20200e10    00000008     libc.a : exit.c.obj (.data..L_MergedGlobals)
                  20200e18    00000008     alert.o (.data.alert_pattern)
                  20200e20    00000004     blue_serial.o (.data.BlueSerial_PitchSendTick)
                  20200e24    00000004     blue_serial.o (.data.BlueSerial_TargetSpeed)
                  20200e28    00000004     blue_serial.o (.data.BlueSerial_TargetTurn)
                  20200e2c    00000004     main.o (.data.Control_Task.left_v)
                  20200e30    00000004     main.o (.data.Control_Task.right_v)
                  20200e34    00000004     libc.a : defs.c.obj (.data.__TI_ft_end)
                  20200e38    00000004            : aeabi_portable.c.obj (.data.__aeabi_errno)
                  20200e3c    00000004            : _lock.c.obj (.data._lock)
                  20200e40    00000004            : _lock.c.obj (.data._unlock)
                  20200e44    00000004     alert.o (.data.alert_phase_tick)
                  20200e48    00000004     PID.o (.data.balance_d_term)
                  20200e4c    00000004     PID.o (.data.balance_i_term)
                  20200e50    00000004     PID.o (.data.balance_integral)
                  20200e54    00000004     PID.o (.data.balance_kd)
                  20200e58    00000004     PID.o (.data.balance_ki)
                  20200e5c    00000004     PID.o (.data.balance_kp)
                  20200e60    00000004     PID.o (.data.balance_output)
                  20200e64    00000004     PID.o (.data.balance_p_term)
                  20200e68    00000004     PID.o (.data.filtered_speed)
                  20200e6c    00000004     libc.a : strtok.c.obj (.data.last_end)
                  20200e70    00000004     PID.o (.data.last_speed_error)
                  20200e74    00000004     PID.o (.data.last_turn_actual)
                  20200e78    00000004     mpu6050.o (.data.pitch_angle)
                  20200e7c    00000004     mpu6050.o (.data.pitch_bias)
                  20200e80    00000004     mpu6050.o (.data.pure_gyro_pitch)
                  20200e84    00000004     PID.o (.data.speed_integral)
                  20200e88    00000004     PID.o (.data.speed_kd)
                  20200e8c    00000004     PID.o (.data.speed_ki)
                  20200e90    00000004     PID.o (.data.speed_kp)
                  20200e94    00000004     PID.o (.data.speed_output_angle)
                  20200e98    00000004     PID.o (.data.speed_target)
                  20200e9c    00000004     main.o (.data.system_ms)
                  20200ea0    00000004     task2.o (.data.task2_state_tick)
                  20200ea4    00000004     task2.o (.data.task2_target_speed)
                  20200ea8    00000004     task3.o (.data.task3_line_lost_sample_tick)
                  20200eac    00000004     task3.o (.data.task3_state_tick)
                  20200eb0    00000004     task3.o (.data.task3_target_speed)
                  20200eb4    00000004     task3.o (.data.task3_target_turn)
                  20200eb8    00000004     task4.o (.data.task4_line_lost_sample_tick)
                  20200ebc    00000004     task4.o (.data.task4_state_tick)
                  20200ec0    00000004     task4.o (.data.task4_target_speed)
                  20200ec4    00000004     task4.o (.data.task4_target_turn)
                  20200ec8    00000004     PID.o (.data.turn_integral)
                  20200ecc    00000004     PID.o (.data.turn_kd)
                  20200ed0    00000004     PID.o (.data.turn_ki)
                  20200ed4    00000004     PID.o (.data.turn_kp)
                  20200ed8    00000004     PID.o (.data.turn_output)
                  20200edc    00000004     PID.o (.data.turn_target)
                  20200ee0    00000002     encoder.o (.data.right_encoder_count)
                  20200ee2    00000002     sensor.o (.data.sensor_err)
                  20200ee4    00000002     task2.o (.data.task2_sensor_error)
                  20200ee6    00000002     task3.o (.data.task3_sensor_error)
                  20200ee8    00000002     task4.o (.data.task4_sensor_error)
                  20200eea    00000001     blue_serial.o (.data.BlueSerial_ActiveTask)
                  20200eeb    00000001     blue_serial.o (.data.BlueSerial_RxIndex)
                  20200eec    00000001     blue_serial.o (.data.BlueSerial_RxState)
                  20200eed    00000001     alert.o (.data.alert_active)
                  20200eee    00000001     alert.o (.data.alert_phase_on)
                  20200eef    00000001     alert.o (.data.alert_pulses_done)
                  20200ef0    00000001     main.o (.data.control_overrun_count)
                  20200ef1    00000001     main.o (.data.control_tick_count)
                  20200ef2    00000001     tasks.o (.data.last_task2_state)
                  20200ef3    00000001     main.o (.data.safety_state)
                  20200ef4    00000001     libc.a : memory.c.obj (.data.memory_is_initialized)
                  20200ef5    00000001     sensor.o (.data.sensor_bits)
                  20200ef6    00000001     sensor.o (.data.sensor_high_level_count)
                  20200ef7    00000001     sensor.o (.data.sensor_ok)
                  20200ef8    00000001     main.o (.data.speed_loop_counter)
                  20200ef9    00000001     task2.o (.data.task2_fault_request)
                  20200efa    00000001     task2.o (.data.task2_line_detect_count)
                  20200efb    00000001     task2.o (.data.task2_sensor_bits)
                  20200efc    00000001     task2.o (.data.task2_sensor_valid)
                  20200efd    00000001     task2.o (.data.task2_start_request)
                  20200efe    00000001     task2.o (.data.task2_started)
                  20200eff    00000001     task2.o (.data.task2_state)
                  20200f00    00000001     task2.o (.data.task2_stop_detect_armed)
                  20200f01    00000001     task2.o (.data.task2_stop_request)
                  20200f02    00000001     task3.o (.data.task3_fault_request)
                  20200f03    00000001     task3.o (.data.task3_line_clear_count)
                  20200f04    00000001     task3.o (.data.task3_line_detect_count)
                  20200f05    00000001     task3.o (.data.task3_line_lost_count)
                  20200f06    00000001     task3.o (.data.task3_line_search_enable)
                  20200f07    00000001     task3.o (.data.task3_point_event)
                  20200f08    00000001     task3.o (.data.task3_sensor_bits)
                  20200f09    00000001     task3.o (.data.task3_sensor_valid)
                  20200f0a    00000001     task3.o (.data.task3_start_request)
                  20200f0b    00000001     task3.o (.data.task3_started)
                  20200f0c    00000001     task3.o (.data.task3_state)
                  20200f0d    00000001     task4.o (.data.task4_exit_turn_enable)
                  20200f0e    00000001     task4.o (.data.task4_fault_request)
                  20200f0f    00000001     task4.o (.data.task4_line_clear_count)
                  20200f10    00000001     task4.o (.data.task4_line_detect_count)
                  20200f11    00000001     task4.o (.data.task4_line_lost_count)
                  20200f12    00000001     task4.o (.data.task4_line_search_enable)
                  20200f13    00000001     task4.o (.data.task4_loop_count)
                  20200f14    00000001     task4.o (.data.task4_loop_target)
                  20200f15    00000001     task4.o (.data.task4_point_event)
                  20200f16    00000001     task4.o (.data.task4_sensor_bits)
                  20200f17    00000001     task4.o (.data.task4_sensor_valid)
                  20200f18    00000001     task4.o (.data.task4_start_request)
                  20200f19    00000001     task4.o (.data.task4_started)
                  20200f1a    00000001     task4.o (.data.task4_state)

.stack     0    20207e00    00000200     UNINITIALIZED
                  20207e00    00000004     libc.a : boot_cortex_m.c.obj (.stack)
                  20207e04    000001fc     --HOLE--

__llvm_prf_cnts 
*          0    20200000    00000000     UNINITIALIZED

__llvm_prf_bits 
*          0    20200000    00000000     UNINITIALIZED

MODULE SUMMARY

       Module                         code    ro data   rw data
       ------                         ----    -------   -------
    .\
       task4.o                        2464    0         32     
       iic.o                          2160    0         0      
       ti_msp_dl_config.o             820     61        508    
       main.o                         1280    42        56     
       mpu6050.o                      1340    0         12     
       blue_serial.o                  1120    110       116    
       task3.o                        1144    0         29     
       PID.o                          1040    0         92     
       task2.o                        520     0         19     
       sensor.o                       348     0         5      
       alert.o                        276     0         15     
       motor.o                        232     0         0      
       tasks.o                        200     0         1      
       startup_mspm0g350x_ticlang.o   6       192       0      
       encoder.o                      116     0         2      
    +--+------------------------------+-------+---------+---------+
       Total:                         13066   405       887    
                                                               
    .\ti\driverlib\
       dl_timer.o                     608     0         0      
       dl_uart.o                      90      0         0      
       dl_common.o                    10      0         0      
    +--+------------------------------+-------+---------+---------+
       Total:                         708     0         0      
                                                               
    D:\ccs\tools\compiler\ti-cgt-armllvm_4.0.4.LTS\lib\armv6m-ti-none-eabi/c/libc.a
       _printfi.c.obj                 4510    34        0      
       memory.c.obj                   702     0         5      
       s_atanf.c.obj                  466     32        0      
       defs.c.obj                     0       0         404    
       fputs.c.obj                    284     2         0      
       e_atan2f.c.obj                 280     0         0      
       aeabi_ctype.S.obj              0       257       0      
       setvbuf.c.obj                  224     0         0      
       s_scalbn.c.obj                 216     0         0      
       getdevice.c.obj                160     0         0      
       memcpy16.S.obj                 154     0         0      
       s_floorf.c.obj                 140     0         0      
       strcmp-armv6m.S.obj            136     0         0      
       copy_decompress_lzss.c.obj     124     0         0      
       fclose.c.obj                   124     0         0      
       fseek.c.obj                    116     0         0      
       s_roundf.c.obj                 114     0         0      
       _io_perm.c.obj                 100     0         0      
       memset16.S.obj                 98      0         0      
       s_frexp.c.obj                  92      0         0      
       _ltoa.c.obj                    88      0         0      
       fflush.c.obj                   82      0         0      
       vsprintf.c.obj                 78      0         0      
       strtok.c.obj                   72      0         4      
       exit.c.obj                     58      0         8      
       atoi.c.obj                     64      0         0      
       autoinit.c.obj                 60      0         0      
       fopen.c.obj                    52      0         0      
       boot_cortex_m.c.obj            40      0         0      
       strspn.c.obj                   38      0         0      
       strcspn.c.obj                  36      0         0      
       memccpy.c.obj                  34      0         0      
       copy_decompress_none.c.obj     18      0         0      
       copy_zero_init.c.obj           16      0         0      
       wcslen.c.obj                   16      0         0      
       aeabi_portable.c.obj           8       0         4      
       _lock.c.obj                    2       0         8      
       pre_init.c.obj                 4       0         0      
    +--+------------------------------+-------+---------+---------+
       Total:                         8806    325       433    
                                                               
    D:\ccs\tools\compiler\ti-cgt-armllvm_4.0.4.LTS\lib\armv6m-ti-none-eabi/c/libsysbm.a
       trgmsg.c.obj                   104     0         288    
       host_device.c.obj              0       0         200    
       hostrename.c.obj               136     0         0      
       hostlseek.c.obj                108     0         0      
       hostopen.c.obj                 96      0         8      
       hostread.c.obj                 88      0         0      
       hostwrite.c.obj                88      0         0      
       close.c.obj                    80      0         0      
       hostclose.c.obj                72      0         0      
       hostunlink.c.obj               72      0         0      
       unlink.c.obj                   44      0         0      
       lseek.c.obj                    40      0         0      
       write.c.obj                    40      0         0      
       remove.c.obj                   8       0         0      
       hostexit.c.obj                 4       0         0      
    +--+------------------------------+-------+---------+---------+
       Total:                         980     0         496    
                                                               
    D:\ccs\tools\compiler\ti-cgt-armllvm_4.0.4.LTS\lib\armv6m-ti-none-eabi/libclang_rt.builtins.a
       adddf3.S.obj                   418     0         0      
       divdf3.S.obj                   268     0         0      
       addsf3.S.obj                   232     0         0      
       muldf3.S.obj                   228     0         0      
       comparedf2.c.obj               220     0         0      
       udivmoddi4.S.obj               162     0         0      
       divsf3.S.obj                   146     0         0      
       comparesf2.S.obj               140     0         0      
       mulsf3.S.obj                   140     0         0      
       aeabi_dcmp.S.obj               98      0         0      
       aeabi_fcmp.S.obj               98      0         0      
       aeabi_idivmod.S.obj            86      0         0      
       fixdfsi.S.obj                  74      0         0      
       aeabi_uidivmod.S.obj           64      0         0      
       floatsisf.S.obj                60      0         0      
       muldsi3.S.obj                  58      0         0      
       fixsfsi.S.obj                  56      0         0      
       floatsidf.S.obj                44      0         0      
       muldi3.S.obj                   36      0         0      
       ashldi3.S.obj                  30      0         0      
       aeabi_memset.S.obj             26      0         0      
       aeabi_uldivmod.S.obj           20      0         0      
       aeabi_memcpy.S.obj             8       0         0      
       aeabi_div0.c.obj               4       0         0      
    +--+------------------------------+-------+---------+---------+
       Total:                         2716    0         0      
                                                               
       Heap:                          0       0         2048   
       Stack:                         0       0         512    
       Linker Generated:              0       174       0      
    +--+------------------------------+-------+---------+---------+
       Grand Total:                   26276   904       4376   


LINKER GENERATED COPY TABLES

__TI_cinit_table @ 00006a40 records: 2, size/record: 8, table size: 16
	.data: load addr=000069a0, load size=0000008a bytes, run addr=20200c58, run size=000002c3 bytes, compression=lzss
	.bss: load addr=00006a38, load size=00000008 bytes, run addr=20200800, run size=00000455 bytes, compression=zero_init


LINKER GENERATED HANDLER TABLE

__TI_handler_table @ 00006a2c records: 3, size/record: 4, table size: 12
	index: 0, handler: __TI_decompress_lzss
	index: 1, handler: __TI_decompress_none
	index: 2, handler: __TI_zero_init


FAR CALL TRAMPOLINES

callee name               trampoline name
   callee addr  tramp addr   call addr  call info
--------------  -----------  ---------  ----------------
__aeabi_dsub              $Tramp$TT$L$PI$$__aeabi_dsub
   0000277d     000066f0     000066ee   libc.a : _printfi.c.obj (.text.OUTLINED_FUNCTION_0)
__aeabi_fadd              $Tramp$TT$L$PI$$__aeabi_fadd
   00004097     0000670c     00006708   libc.a : s_roundf.c.obj (.text.OUTLINED_FUNCTION_0)
                             00006774          : s_atanf.c.obj (.text.OUTLINED_FUNCTION_1)
__aeabi_fdiv              $Tramp$TT$L$PI$$__aeabi_fdiv
   000049f9     00006758     00006754   libc.a : s_atanf.c.obj (.text.OUTLINED_FUNCTION_0)

[3 trampolines]
[4 trampoline calls]


GLOBAL SYMBOLS: SORTED ALPHABETICALLY BY Name 

address   name                            
-------   ----                            
0000290f  ADC0_IRQHandler                 
0000290f  ADC1_IRQHandler                 
0000290f  AES_IRQHandler                  
00005fe9  Alert_Init                      
00005855  Alert_Request                   
00004585  Alert_Task                      
00003b39  Balance_PID                     
000050e1  BlueSerial_Init                 
000064c1  BlueSerial_IsTaskControlEnabled 
00005471  BlueSerial_Printf               
20200c54  BlueSerial_RxFlag               
20200bbc  BlueSerial_RxPacket             
00004cf1  BlueSerial_SendPitchTask        
00002911  BlueSerial_Task                 
0000676e  C$$EXIT                         
00005f79  C$$IO$$                         
0000290f  CANFD0_IRQHandler               
00001085  Control_Task                    
0000290f  DAC0_IRQHandler                 
000066dd  DL_Common_delayCycles           
00003749  DL_Timer_initFourCCPWMMode      
0000384d  DL_Timer_initTimerMode          
00006399  DL_Timer_setCaptCompUpdateMethod
00006479  DL_Timer_setCaptureCompareOutCtl
00006535  DL_Timer_setCaptureCompareValue 
000063b5  DL_Timer_setClockConfig         
00005ad9  DL_UART_init                    
00006511  DL_UART_setClockConfig          
0000290f  DMA_IRQHandler                  
0000290f  Default_Handler                 
00005a41  Encoder_Init                    
0000290f  GROUP0_IRQHandler               
0000290f  GROUP1_IRQHandler               
00004965  Get_Balance_Output              
000065bd  Get_Speed_Angle_Offset          
000065c9  Get_Turn_Output                 
00005b21  HOSTclose                       
0000676f  HOSTexit                        
00004ec5  HOSTlseek                       
000054d1  HOSTopen                        
00005645  HOSTread                        
00004f31  HOSTrename                      
00005b69  HOSTunlink                      
0000569d  HOSTwrite                       
0000290f  HardFault_Handler               
0000290f  I2C0_IRQHandler                 
0000290f  I2C1_IRQHandler                 
00006339  IIC_Init                        
000019d9  IIC_Read_Byte                   
00002a75  IIC_Send_Byte                   
0000243d  IIC_Start                       
000025dd  IIC_Stop                        
00002bd9  IIC_Wait_Ack                    
000048dd  MPU6050_Calculate_Attitude      
000064d5  MPU6050_Get_Gyro_Pitch          
00001c39  MPU6050_Init                    
00004239  MPU6050_Read_Data               
000059f1  MPU6050_Read_RawData            
000056f5  Motor_Init                      
0000290f  NMI_Handler                     
00004d69  PID_Init                        
00004ddd  PID_Reset                       
0000290f  PendSV_Handler                  
0000290f  RTC_IRQHandler                  
00006129  Read_Encoder                    
00006777  Reset_Handler                   
0000290f  SPI0_IRQHandler                 
0000290f  SPI1_IRQHandler                 
0000290f  SVC_Handler                     
00005c41  SYSCFG_DL_GPIO_init             
00004615  SYSCFG_DL_PWM_0_init            
000058a9  SYSCFG_DL_QEI_0_init            
00006019  SYSCFG_DL_SYSCTL_init           
00005e75  SYSCFG_DL_TIMER_0_init          
00004a7d  SYSCFG_DL_UART_0_init           
00004afd  SYSCFG_DL_UART_1_init           
00005c85  SYSCFG_DL_init                  
00005531  SYSCFG_DL_initPower             
000065d5  Sensor_GetBits                  
000065e1  Sensor_GetError                 
00006219  Sensor_Init                     
000065ed  Sensor_IsValid                  
00003305  Sensor_JC                       
000046a5  Set_Motor_Speed                 
000065f9  Set_Speed_Target                
00006605  Set_Turn_Target                 
00003949  Speed_PI_Control                
00006545  SysTick_Handler                 
0000623d  TIMA0_IRQHandler                
0000290f  TIMA1_IRQHandler                
0000290f  TIMG0_IRQHandler                
0000290f  TIMG12_IRQHandler               
0000290f  TIMG6_IRQHandler                
0000290f  TIMG7_IRQHandler                
0000290f  TIMG8_IRQHandler                
00006611  Task2_GetState                  
0000661d  Task2_GetTargetSpeed            
00004f9d  Task2_Init                      
00006629  Task2_RequestFault              
000063d1  Task2_RequestStart              
00002d25  Task2_Task                      
000063ed  Task2_UpdateSensor              
00006635  Task3_ClearPointEvent           
00006641  Task3_GetPointEvent             
0000664d  Task3_GetState                  
00006659  Task3_GetTargetSpeed            
00006665  Task3_GetTargetTurn             
00004735  Task3_Init                      
00006671  Task3_RequestFault              
00006409  Task3_RequestStart              
00001401  Task3_Task                      
00006425  Task3_UpdateSensor              
0000667d  Task4_ClearPointEvent           
00006689  Task4_GetPointEvent             
00006695  Task4_GetState                  
000066a1  Task4_GetTargetSpeed            
000066ad  Task4_GetTargetTurn             
000042f5  Task4_Init                      
000066b9  Task4_RequestFault              
00006079  Task4_RequestStart              
00000a91  Task4_Task                      
00006441  Task4_UpdateSensor              
00006359  Tasks_Init                      
000043a1  Tasks_Task                      
00003c21  Turn_Control                    
00006261  Turn_Reset                      
0000290f  UART0_IRQHandler                
00004b7d  UART1_IRQHandler                
0000290f  UART2_IRQHandler                
0000290f  UART3_IRQHandler                
20200800  _CIOBUF_                        
20200800  __CIOBUF_                       
20208000  __STACK_END                     
00000200  __STACK_SIZE                    
00000800  __SYSMEM_SIZE                   
00000000  __TI_ATRegion0_region_sz        
00000000  __TI_ATRegion0_src_addr         
00000000  __TI_ATRegion0_trg_addr         
00000000  __TI_ATRegion1_region_sz        
00000000  __TI_ATRegion1_src_addr         
00000000  __TI_ATRegion1_trg_addr         
00000000  __TI_ATRegion2_region_sz        
00000000  __TI_ATRegion2_src_addr         
00000000  __TI_ATRegion2_trg_addr         
00006a40  __TI_CINIT_Base                 
00006a50  __TI_CINIT_Limit                
00006a50  __TI_CINIT_Warm                 
00006a2c  __TI_Handler_Table_Base         
00006a38  __TI_Handler_Table_Limit        
00005dc1  __TI_auto_init_nobinit_nopinit  
00005ee5  __TI_cleanup                    
20200e10  __TI_cleanup_ptr                
00004bf9  __TI_closefile                  
00004c75  __TI_decompress_lzss            
00006523  __TI_decompress_none            
000058fd  __TI_doflush                    
20200e14  __TI_dtors_ptr                  
20200e34  __TI_ft_end                     
0000574d  __TI_ltoa                       
ffffffff  __TI_pprof_out_hndl             
000000c1  __TI_printfi                    
ffffffff  __TI_prof_data_size             
ffffffff  __TI_prof_data_start            
00005f19  __TI_readmsg                    
00000000  __TI_static_base__              
202009dc  __TI_tmpnams                    
00005f4d  __TI_writemsg                   
0000527f  __TI_wrt_ok                     
00006565  __TI_zero_init                  
00002787  __adddf3                        
00004097  __addsf3                        
00006780  __aeabi_ctype_table_            
00006780  __aeabi_ctype_table_C           
00005a8d  __aeabi_d2iz                    
00002787  __aeabi_dadd                    
00005349  __aeabi_dcmpeq                  
00005385  __aeabi_dcmpge                  
00005399  __aeabi_dcmpgt                  
00005371  __aeabi_dcmple                  
0000535d  __aeabi_dcmplt                  
0000363d  __aeabi_ddiv                    
00003df1  __aeabi_dmul                    
0000277d  __aeabi_dsub                    
20200e38  __aeabi_errno                   
00006731  __aeabi_errno_addr              
00005ead  __aeabi_f2iz                    
00004097  __aeabi_fadd                    
000053ad  __aeabi_fcmpeq                  
000053e9  __aeabi_fcmpge                  
000053fd  __aeabi_fcmpgt                  
000053d5  __aeabi_fcmple                  
000053c1  __aeabi_fcmplt                  
000064a9  __aeabi_fcmpun                  
000049f9  __aeabi_fdiv                    
000047c5  __aeabi_fmul                    
0000408d  __aeabi_fsub                    
000060a5  __aeabi_i2d                     
00005d49  __aeabi_i2f                     
000057fd  __aeabi_idiv                    
00004a7b  __aeabi_idiv0                   
000057fd  __aeabi_idivmod                 
000052e3  __aeabi_ldiv0                   
00006379  __aeabi_llsl                    
00006285  __aeabi_lmul                    
000066c5  __aeabi_memclr                  
000066c5  __aeabi_memclr4                 
000066c5  __aeabi_memclr8                 
00006739  __aeabi_memcpy                  
00006739  __aeabi_memcpy4                 
00006739  __aeabi_memcpy8                 
00006585  __aeabi_memset                  
00006585  __aeabi_memset4                 
00006585  __aeabi_memset8                 
00005cc9  __aeabi_uidiv                   
00005cc9  __aeabi_uidivmod                
000064e9  __aeabi_uldivmod                
00006379  __ashldi3                       
ffffffff  __binit__                       
00005149  __cmpdf2                        
00005dfd  __cmpsf2                        
0000363d  __divdf3                        
000049f9  __divsf3                        
00005149  __eqdf2                         
00005dfd  __eqsf2                         
00005a8d  __fixdfsi                       
00005ead  __fixsfsi                       
000060a5  __floatsidf                     
00005d49  __floatsisf                     
00004e51  __gedf2                         
00005d85  __gesf2                         
00004e51  __gtdf2                         
00005d85  __gtsf2                         
00005149  __ledf2                         
00005dfd  __lesf2                         
00005149  __ltdf2                         
00005dfd  __ltsf2                         
UNDEFED   __mpu_init                      
00003df1  __muldf3                        
00006285  __muldi3                        
00005e39  __muldsi3                       
000047c5  __mulsf3                        
00005149  __nedf2                         
00005dfd  __nesf2                         
20207e00  __stack                         
20200000  __start___llvm_prf_bits         
20200000  __start___llvm_prf_cnts         
20200000  __stop___llvm_prf_bits          
20200000  __stop___llvm_prf_cnts          
0000277d  __subdf3                        
0000408d  __subsf3                        
00004449  __udivmoddi4                    
000064a9  __unordsf2                      
000061c9  _c_int00_noargs                 
20200d48  _device                         
20200c58  _ftable                         
20200e3c  _lock                           
000053ab  _nop                            
20200dc0  _stream                         
20200000  _sys_memory                     
UNDEFED   _system_post_cinit              
0000677b  _system_pre_init                
20200e40  _unlock                         
00006769  abort                           
00003419  aligned_alloc                   
000031ed  atan2f                          
00002275  atanf                           
00005d09  atoi                            
20200c3c  attitude                        
ffffffff  binit                           
000059a1  close                           
20200ef1  control_tick_count              
000062a9  delay_ms                        
00005f81  exit                            
00005fb5  finddevice                      
00004851  floorf                          
00003a41  fputs                           
00003d09  free                            
00005591  frexp                           
00005591  frexpl                          
00006741  fseek                           
00005009  fseeko                          
20200a7c  gPWM_0Backup                    
20200b1c  gQEI_0Backup                    
20200920  gTIMER_0Backup                  
00005075  getdevice                       
00000000  interruptVectors                
00003fb5  ldexp                           
00003fb5  ldexpl                          
00006179  lseek                           
00002fa1  main                            
000066d1  malloc                          
00003419  memalign                        
00006315  memccpy                         
000044eb  memcpy                          
0000540f  memset                          
20200c20  mpu_data                        
20200c48  parmbuf                         
000062cd  puts                            
00006749  remove                          
000051b1  roundf                          
20200ef3  safety_state                    
00003fb5  scalbn                          
00003fb5  scalbnl                         
00003ed5  setvbuf                         
00004971  strcmp                          
000062f1  strcspn                         
000061f1  strspn                          
00005bb1  strtok                          
20200e9c  system_ms                       
000060d1  unlink                          
000060fd  vsprintf                        
00006555  wcslen                          
000061a1  write                           


GLOBAL SYMBOLS: SORTED BY Symbol Address 

address   name                            
-------   ----                            
00000000  __TI_ATRegion0_region_sz        
00000000  __TI_ATRegion0_src_addr         
00000000  __TI_ATRegion0_trg_addr         
00000000  __TI_ATRegion1_region_sz        
00000000  __TI_ATRegion1_src_addr         
00000000  __TI_ATRegion1_trg_addr         
00000000  __TI_ATRegion2_region_sz        
00000000  __TI_ATRegion2_src_addr         
00000000  __TI_ATRegion2_trg_addr         
00000000  __TI_static_base__              
00000000  interruptVectors                
000000c1  __TI_printfi                    
00000200  __STACK_SIZE                    
00000800  __SYSMEM_SIZE                   
00000a91  Task4_Task                      
00001085  Control_Task                    
00001401  Task3_Task                      
000019d9  IIC_Read_Byte                   
00001c39  MPU6050_Init                    
00002275  atanf                           
0000243d  IIC_Start                       
000025dd  IIC_Stop                        
0000277d  __aeabi_dsub                    
0000277d  __subdf3                        
00002787  __adddf3                        
00002787  __aeabi_dadd                    
0000290f  ADC0_IRQHandler                 
0000290f  ADC1_IRQHandler                 
0000290f  AES_IRQHandler                  
0000290f  CANFD0_IRQHandler               
0000290f  DAC0_IRQHandler                 
0000290f  DMA_IRQHandler                  
0000290f  Default_Handler                 
0000290f  GROUP0_IRQHandler               
0000290f  GROUP1_IRQHandler               
0000290f  HardFault_Handler               
0000290f  I2C0_IRQHandler                 
0000290f  I2C1_IRQHandler                 
0000290f  NMI_Handler                     
0000290f  PendSV_Handler                  
0000290f  RTC_IRQHandler                  
0000290f  SPI0_IRQHandler                 
0000290f  SPI1_IRQHandler                 
0000290f  SVC_Handler                     
0000290f  TIMA1_IRQHandler                
0000290f  TIMG0_IRQHandler                
0000290f  TIMG12_IRQHandler               
0000290f  TIMG6_IRQHandler                
0000290f  TIMG7_IRQHandler                
0000290f  TIMG8_IRQHandler                
0000290f  UART0_IRQHandler                
0000290f  UART2_IRQHandler                
0000290f  UART3_IRQHandler                
00002911  BlueSerial_Task                 
00002a75  IIC_Send_Byte                   
00002bd9  IIC_Wait_Ack                    
00002d25  Task2_Task                      
00002fa1  main                            
000031ed  atan2f                          
00003305  Sensor_JC                       
00003419  aligned_alloc                   
00003419  memalign                        
0000363d  __aeabi_ddiv                    
0000363d  __divdf3                        
00003749  DL_Timer_initFourCCPWMMode      
0000384d  DL_Timer_initTimerMode          
00003949  Speed_PI_Control                
00003a41  fputs                           
00003b39  Balance_PID                     
00003c21  Turn_Control                    
00003d09  free                            
00003df1  __aeabi_dmul                    
00003df1  __muldf3                        
00003ed5  setvbuf                         
00003fb5  ldexp                           
00003fb5  ldexpl                          
00003fb5  scalbn                          
00003fb5  scalbnl                         
0000408d  __aeabi_fsub                    
0000408d  __subsf3                        
00004097  __addsf3                        
00004097  __aeabi_fadd                    
00004239  MPU6050_Read_Data               
000042f5  Task4_Init                      
000043a1  Tasks_Task                      
00004449  __udivmoddi4                    
000044eb  memcpy                          
00004585  Alert_Task                      
00004615  SYSCFG_DL_PWM_0_init            
000046a5  Set_Motor_Speed                 
00004735  Task3_Init                      
000047c5  __aeabi_fmul                    
000047c5  __mulsf3                        
00004851  floorf                          
000048dd  MPU6050_Calculate_Attitude      
00004965  Get_Balance_Output              
00004971  strcmp                          
000049f9  __aeabi_fdiv                    
000049f9  __divsf3                        
00004a7b  __aeabi_idiv0                   
00004a7d  SYSCFG_DL_UART_0_init           
00004afd  SYSCFG_DL_UART_1_init           
00004b7d  UART1_IRQHandler                
00004bf9  __TI_closefile                  
00004c75  __TI_decompress_lzss            
00004cf1  BlueSerial_SendPitchTask        
00004d69  PID_Init                        
00004ddd  PID_Reset                       
00004e51  __gedf2                         
00004e51  __gtdf2                         
00004ec5  HOSTlseek                       
00004f31  HOSTrename                      
00004f9d  Task2_Init                      
00005009  fseeko                          
00005075  getdevice                       
000050e1  BlueSerial_Init                 
00005149  __cmpdf2                        
00005149  __eqdf2                         
00005149  __ledf2                         
00005149  __ltdf2                         
00005149  __nedf2                         
000051b1  roundf                          
0000527f  __TI_wrt_ok                     
000052e3  __aeabi_ldiv0                   
00005349  __aeabi_dcmpeq                  
0000535d  __aeabi_dcmplt                  
00005371  __aeabi_dcmple                  
00005385  __aeabi_dcmpge                  
00005399  __aeabi_dcmpgt                  
000053ab  _nop                            
000053ad  __aeabi_fcmpeq                  
000053c1  __aeabi_fcmplt                  
000053d5  __aeabi_fcmple                  
000053e9  __aeabi_fcmpge                  
000053fd  __aeabi_fcmpgt                  
0000540f  memset                          
00005471  BlueSerial_Printf               
000054d1  HOSTopen                        
00005531  SYSCFG_DL_initPower             
00005591  frexp                           
00005591  frexpl                          
00005645  HOSTread                        
0000569d  HOSTwrite                       
000056f5  Motor_Init                      
0000574d  __TI_ltoa                       
000057fd  __aeabi_idiv                    
000057fd  __aeabi_idivmod                 
00005855  Alert_Request                   
000058a9  SYSCFG_DL_QEI_0_init            
000058fd  __TI_doflush                    
000059a1  close                           
000059f1  MPU6050_Read_RawData            
00005a41  Encoder_Init                    
00005a8d  __aeabi_d2iz                    
00005a8d  __fixdfsi                       
00005ad9  DL_UART_init                    
00005b21  HOSTclose                       
00005b69  HOSTunlink                      
00005bb1  strtok                          
00005c41  SYSCFG_DL_GPIO_init             
00005c85  SYSCFG_DL_init                  
00005cc9  __aeabi_uidiv                   
00005cc9  __aeabi_uidivmod                
00005d09  atoi                            
00005d49  __aeabi_i2f                     
00005d49  __floatsisf                     
00005d85  __gesf2                         
00005d85  __gtsf2                         
00005dc1  __TI_auto_init_nobinit_nopinit  
00005dfd  __cmpsf2                        
00005dfd  __eqsf2                         
00005dfd  __lesf2                         
00005dfd  __ltsf2                         
00005dfd  __nesf2                         
00005e39  __muldsi3                       
00005e75  SYSCFG_DL_TIMER_0_init          
00005ead  __aeabi_f2iz                    
00005ead  __fixsfsi                       
00005ee5  __TI_cleanup                    
00005f19  __TI_readmsg                    
00005f4d  __TI_writemsg                   
00005f79  C$$IO$$                         
00005f81  exit                            
00005fb5  finddevice                      
00005fe9  Alert_Init                      
00006019  SYSCFG_DL_SYSCTL_init           
00006079  Task4_RequestStart              
000060a5  __aeabi_i2d                     
000060a5  __floatsidf                     
000060d1  unlink                          
000060fd  vsprintf                        
00006129  Read_Encoder                    
00006179  lseek                           
000061a1  write                           
000061c9  _c_int00_noargs                 
000061f1  strspn                          
00006219  Sensor_Init                     
0000623d  TIMA0_IRQHandler                
00006261  Turn_Reset                      
00006285  __aeabi_lmul                    
00006285  __muldi3                        
000062a9  delay_ms                        
000062cd  puts                            
000062f1  strcspn                         
00006315  memccpy                         
00006339  IIC_Init                        
00006359  Tasks_Init                      
00006379  __aeabi_llsl                    
00006379  __ashldi3                       
00006399  DL_Timer_setCaptCompUpdateMethod
000063b5  DL_Timer_setClockConfig         
000063d1  Task2_RequestStart              
000063ed  Task2_UpdateSensor              
00006409  Task3_RequestStart              
00006425  Task3_UpdateSensor              
00006441  Task4_UpdateSensor              
00006479  DL_Timer_setCaptureCompareOutCtl
000064a9  __aeabi_fcmpun                  
000064a9  __unordsf2                      
000064c1  BlueSerial_IsTaskControlEnabled 
000064d5  MPU6050_Get_Gyro_Pitch          
000064e9  __aeabi_uldivmod                
00006511  DL_UART_setClockConfig          
00006523  __TI_decompress_none            
00006535  DL_Timer_setCaptureCompareValue 
00006545  SysTick_Handler                 
00006555  wcslen                          
00006565  __TI_zero_init                  
00006585  __aeabi_memset                  
00006585  __aeabi_memset4                 
00006585  __aeabi_memset8                 
000065bd  Get_Speed_Angle_Offset          
000065c9  Get_Turn_Output                 
000065d5  Sensor_GetBits                  
000065e1  Sensor_GetError                 
000065ed  Sensor_IsValid                  
000065f9  Set_Speed_Target                
00006605  Set_Turn_Target                 
00006611  Task2_GetState                  
0000661d  Task2_GetTargetSpeed            
00006629  Task2_RequestFault              
00006635  Task3_ClearPointEvent           
00006641  Task3_GetPointEvent             
0000664d  Task3_GetState                  
00006659  Task3_GetTargetSpeed            
00006665  Task3_GetTargetTurn             
00006671  Task3_RequestFault              
0000667d  Task4_ClearPointEvent           
00006689  Task4_GetPointEvent             
00006695  Task4_GetState                  
000066a1  Task4_GetTargetSpeed            
000066ad  Task4_GetTargetTurn             
000066b9  Task4_RequestFault              
000066c5  __aeabi_memclr                  
000066c5  __aeabi_memclr4                 
000066c5  __aeabi_memclr8                 
000066d1  malloc                          
000066dd  DL_Common_delayCycles           
00006731  __aeabi_errno_addr              
00006739  __aeabi_memcpy                  
00006739  __aeabi_memcpy4                 
00006739  __aeabi_memcpy8                 
00006741  fseek                           
00006749  remove                          
00006769  abort                           
0000676e  C$$EXIT                         
0000676f  HOSTexit                        
00006777  Reset_Handler                   
0000677b  _system_pre_init                
00006780  __aeabi_ctype_table_            
00006780  __aeabi_ctype_table_C           
00006a2c  __TI_Handler_Table_Base         
00006a38  __TI_Handler_Table_Limit        
00006a40  __TI_CINIT_Base                 
00006a50  __TI_CINIT_Limit                
00006a50  __TI_CINIT_Warm                 
20200000  __start___llvm_prf_bits         
20200000  __start___llvm_prf_cnts         
20200000  __stop___llvm_prf_bits          
20200000  __stop___llvm_prf_cnts          
20200000  _sys_memory                     
20200800  _CIOBUF_                        
20200800  __CIOBUF_                       
20200920  gTIMER_0Backup                  
202009dc  __TI_tmpnams                    
20200a7c  gPWM_0Backup                    
20200b1c  gQEI_0Backup                    
20200bbc  BlueSerial_RxPacket             
20200c20  mpu_data                        
20200c3c  attitude                        
20200c48  parmbuf                         
20200c54  BlueSerial_RxFlag               
20200c58  _ftable                         
20200d48  _device                         
20200dc0  _stream                         
20200e10  __TI_cleanup_ptr                
20200e14  __TI_dtors_ptr                  
20200e34  __TI_ft_end                     
20200e38  __aeabi_errno                   
20200e3c  _lock                           
20200e40  _unlock                         
20200e9c  system_ms                       
20200ef1  control_tick_count              
20200ef3  safety_state                    
20207e00  __stack                         
20208000  __STACK_END                     
ffffffff  __TI_pprof_out_hndl             
ffffffff  __TI_prof_data_size             
ffffffff  __TI_prof_data_start            
ffffffff  __binit__                       
ffffffff  binit                           
UNDEFED   __mpu_init                      
UNDEFED   _system_post_cinit              

[313 symbols]
