<?xml version="1.0" encoding="ISO-8859-1" ?>
<link_info>
   <banner>TI ARM Clang Linker PC v4.0.4.LTS</banner>
   <copyright>Copyright (c) 1996-2018 Texas Instruments Incorporated</copyright>
   <command_line>D:\ccs\tools\compiler\ti-cgt-armllvm_4.0.4.LTS\bin\tiarmlnk -ID:\ccs\tools\compiler\ti-cgt-armllvm_4.0.4.LTS\lib -o empty_driverlib_src_LP_MSPM0G3507_nortos_ticlang.out -mempty_driverlib_src_LP_MSPM0G3507_nortos_ticlang.map -iD:/mspm0_sdk_2_10_00_04/source -iC:/Users/Admin/workspace_ccstheia/empty_driverlib_src_LP_MSPM0G3507_nortos_ticlang -iC:/Users/Admin/workspace_ccstheia/empty_driverlib_src_LP_MSPM0G3507_nortos_ticlang/Debug/syscfg -iD:/ccs/tools/compiler/ti-cgt-armllvm_4.0.4.LTS/lib --diag_wrap=off --display_error_number --warn_sections --xml_link_info=empty_driverlib_src_LP_MSPM0G3507_nortos_ticlang_linkInfo.xml --rom_model ./PID.o ./alert.o ./blue_serial.o ./ti_msp_dl_config.o ./startup_mspm0g350x_ticlang.o ./encoder.o ./iic.o ./main.o ./motor.o ./mpu6050.o ./sensor.o ./task2.o ./task3.o ./task4.o ./tasks.o ./ti/driverlib/dl_adc12.o ./ti/driverlib/dl_aes.o ./ti/driverlib/dl_aesadv.o ./ti/driverlib/dl_common.o ./ti/driverlib/dl_comp.o ./ti/driverlib/dl_crc.o ./ti/driverlib/dl_crcp.o ./ti/driverlib/dl_dac12.o ./ti/driverlib/dl_dma.o ./ti/driverlib/dl_flashctl.o ./ti/driverlib/dl_gpamp.o ./ti/driverlib/dl_gpio.o ./ti/driverlib/dl_i2c.o ./ti/driverlib/dl_i2s.o ./ti/driverlib/dl_iwdt.o ./ti/driverlib/dl_keystorectl.o ./ti/driverlib/dl_lcd.o ./ti/driverlib/dl_lfss.o ./ti/driverlib/dl_mathacl.o ./ti/driverlib/dl_mcan.o ./ti/driverlib/dl_npu.o ./ti/driverlib/dl_opa.o ./ti/driverlib/dl_rtc.o ./ti/driverlib/dl_rtc_a.o ./ti/driverlib/dl_rtc_b.o ./ti/driverlib/dl_rtc_common.o ./ti/driverlib/dl_scratchpad.o ./ti/driverlib/dl_spgss.o ./ti/driverlib/dl_spi.o ./ti/driverlib/dl_tamperio.o ./ti/driverlib/dl_timer.o ./ti/driverlib/dl_timera.o ./ti/driverlib/dl_timerb.o ./ti/driverlib/dl_timerg.o ./ti/driverlib/dl_trng.o ./ti/driverlib/dl_uart.o ./ti/driverlib/dl_unicomm.o ./ti/driverlib/dl_unicommi2cc.o ./ti/driverlib/dl_unicommi2ct.o ./ti/driverlib/dl_unicommspi.o ./ti/driverlib/dl_unicommuart.o ./ti/driverlib/dl_vref.o ./ti/driverlib/dl_wwdt.o ./ti/driverlib/m0p/dl_factoryregion.o ./ti/driverlib/m0p/dl_interrupt.o ./ti/driverlib/m0p/sysctl/dl_sysctl_mspm0c1105_c1106.o ./ti/driverlib/m0p/sysctl/dl_sysctl_mspm0c110x.o ./ti/driverlib/m0p/sysctl/dl_sysctl_mspm0g1x0x_g3x0x.o ./ti/driverlib/m0p/sysctl/dl_sysctl_mspm0g352x.o ./ti/driverlib/m0p/sysctl/dl_sysctl_mspm0g511x.o ./ti/driverlib/m0p/sysctl/dl_sysctl_mspm0g518x.o ./ti/driverlib/m0p/sysctl/dl_sysctl_mspm0gx218_gx207.o ./ti/driverlib/m0p/sysctl/dl_sysctl_mspm0gx51x.o ./ti/driverlib/m0p/sysctl/dl_sysctl_mspm0h321x.o ./ti/driverlib/m0p/sysctl/dl_sysctl_mspm0l111x.o ./ti/driverlib/m0p/sysctl/dl_sysctl_mspm0l11xx_l13xx.o ./ti/driverlib/m0p/sysctl/dl_sysctl_mspm0l122x_l222x.o ./ti/driverlib/m0p/sysctl/dl_sysctl_mspm0l211x_l112x.o -l./device_linker.cmd -ldevice.cmd.genlibs -llibc.a --start-group -llibc++.a -llibc++abi.a -llibc.a -llibsys.a -llibsysbm.a -llibclang_rt.builtins.a -llibclang_rt.profile.a --end-group --cg_opt_level=2</command_line>
   <link_time>0x6a1404ee</link_time>
   <link_errors>0x0</link_errors>
   <output_file>C:\Users\Admin\workspace_ccstheia\empty_driverlib_src_LP_MSPM0G3507_nortos_ticlang\Debug\empty_driverlib_src_LP_MSPM0G3507_nortos_ticlang.out</output_file>
   <entry_point>
      <name>_c_int00_noargs</name>
      <address>0x61c9</address>
   </entry_point>
   <input_file_list>
      <input_file id="fl-1">
         <path>C:\Users\Admin\workspace_ccstheia\empty_driverlib_src_LP_MSPM0G3507_nortos_ticlang\Debug\.\</path>
         <kind>object</kind>
         <file>PID.o</file>
         <name>PID.o</name>
      </input_file>
      <input_file id="fl-2">
         <path>C:\Users\Admin\workspace_ccstheia\empty_driverlib_src_LP_MSPM0G3507_nortos_ticlang\Debug\.\</path>
         <kind>object</kind>
         <file>alert.o</file>
         <name>alert.o</name>
      </input_file>
      <input_file id="fl-3">
         <path>C:\Users\Admin\workspace_ccstheia\empty_driverlib_src_LP_MSPM0G3507_nortos_ticlang\Debug\.\</path>
         <kind>object</kind>
         <file>blue_serial.o</file>
         <name>blue_serial.o</name>
      </input_file>
      <input_file id="fl-4">
         <path>C:\Users\Admin\workspace_ccstheia\empty_driverlib_src_LP_MSPM0G3507_nortos_ticlang\Debug\.\</path>
         <kind>object</kind>
         <file>ti_msp_dl_config.o</file>
         <name>ti_msp_dl_config.o</name>
      </input_file>
      <input_file id="fl-5">
         <path>C:\Users\Admin\workspace_ccstheia\empty_driverlib_src_LP_MSPM0G3507_nortos_ticlang\Debug\.\</path>
         <kind>object</kind>
         <file>startup_mspm0g350x_ticlang.o</file>
         <name>startup_mspm0g350x_ticlang.o</name>
      </input_file>
      <input_file id="fl-6">
         <path>C:\Users\Admin\workspace_ccstheia\empty_driverlib_src_LP_MSPM0G3507_nortos_ticlang\Debug\.\</path>
         <kind>object</kind>
         <file>encoder.o</file>
         <name>encoder.o</name>
      </input_file>
      <input_file id="fl-7">
         <path>C:\Users\Admin\workspace_ccstheia\empty_driverlib_src_LP_MSPM0G3507_nortos_ticlang\Debug\.\</path>
         <kind>object</kind>
         <file>iic.o</file>
         <name>iic.o</name>
      </input_file>
      <input_file id="fl-8">
         <path>C:\Users\Admin\workspace_ccstheia\empty_driverlib_src_LP_MSPM0G3507_nortos_ticlang\Debug\.\</path>
         <kind>object</kind>
         <file>main.o</file>
         <name>main.o</name>
      </input_file>
      <input_file id="fl-9">
         <path>C:\Users\Admin\workspace_ccstheia\empty_driverlib_src_LP_MSPM0G3507_nortos_ticlang\Debug\.\</path>
         <kind>object</kind>
         <file>motor.o</file>
         <name>motor.o</name>
      </input_file>
      <input_file id="fl-a">
         <path>C:\Users\Admin\workspace_ccstheia\empty_driverlib_src_LP_MSPM0G3507_nortos_ticlang\Debug\.\</path>
         <kind>object</kind>
         <file>mpu6050.o</file>
         <name>mpu6050.o</name>
      </input_file>
      <input_file id="fl-b">
         <path>C:\Users\Admin\workspace_ccstheia\empty_driverlib_src_LP_MSPM0G3507_nortos_ticlang\Debug\.\</path>
         <kind>object</kind>
         <file>sensor.o</file>
         <name>sensor.o</name>
      </input_file>
      <input_file id="fl-c">
         <path>C:\Users\Admin\workspace_ccstheia\empty_driverlib_src_LP_MSPM0G3507_nortos_ticlang\Debug\.\</path>
         <kind>object</kind>
         <file>task2.o</file>
         <name>task2.o</name>
      </input_file>
      <input_file id="fl-d">
         <path>C:\Users\Admin\workspace_ccstheia\empty_driverlib_src_LP_MSPM0G3507_nortos_ticlang\Debug\.\</path>
         <kind>object</kind>
         <file>task3.o</file>
         <name>task3.o</name>
      </input_file>
      <input_file id="fl-e">
         <path>C:\Users\Admin\workspace_ccstheia\empty_driverlib_src_LP_MSPM0G3507_nortos_ticlang\Debug\.\</path>
         <kind>object</kind>
         <file>task4.o</file>
         <name>task4.o</name>
      </input_file>
      <input_file id="fl-f">
         <path>C:\Users\Admin\workspace_ccstheia\empty_driverlib_src_LP_MSPM0G3507_nortos_ticlang\Debug\.\</path>
         <kind>object</kind>
         <file>tasks.o</file>
         <name>tasks.o</name>
      </input_file>
      <input_file id="fl-10">
         <path>C:\Users\Admin\workspace_ccstheia\empty_driverlib_src_LP_MSPM0G3507_nortos_ticlang\Debug\.\ti\driverlib\</path>
         <kind>object</kind>
         <file>dl_adc12.o</file>
         <name>dl_adc12.o</name>
      </input_file>
      <input_file id="fl-11">
         <path>C:\Users\Admin\workspace_ccstheia\empty_driverlib_src_LP_MSPM0G3507_nortos_ticlang\Debug\.\ti\driverlib\</path>
         <kind>object</kind>
         <file>dl_aes.o</file>
         <name>dl_aes.o</name>
      </input_file>
      <input_file id="fl-12">
         <path>C:\Users\Admin\workspace_ccstheia\empty_driverlib_src_LP_MSPM0G3507_nortos_ticlang\Debug\.\ti\driverlib\</path>
         <kind>object</kind>
         <file>dl_aesadv.o</file>
         <name>dl_aesadv.o</name>
      </input_file>
      <input_file id="fl-13">
         <path>C:\Users\Admin\workspace_ccstheia\empty_driverlib_src_LP_MSPM0G3507_nortos_ticlang\Debug\.\ti\driverlib\</path>
         <kind>object</kind>
         <file>dl_common.o</file>
         <name>dl_common.o</name>
      </input_file>
      <input_file id="fl-14">
         <path>C:\Users\Admin\workspace_ccstheia\empty_driverlib_src_LP_MSPM0G3507_nortos_ticlang\Debug\.\ti\driverlib\</path>
         <kind>object</kind>
         <file>dl_comp.o</file>
         <name>dl_comp.o</name>
      </input_file>
      <input_file id="fl-15">
         <path>C:\Users\Admin\workspace_ccstheia\empty_driverlib_src_LP_MSPM0G3507_nortos_ticlang\Debug\.\ti\driverlib\</path>
         <kind>object</kind>
         <file>dl_crc.o</file>
         <name>dl_crc.o</name>
      </input_file>
      <input_file id="fl-16">
         <path>C:\Users\Admin\workspace_ccstheia\empty_driverlib_src_LP_MSPM0G3507_nortos_ticlang\Debug\.\ti\driverlib\</path>
         <kind>object</kind>
         <file>dl_crcp.o</file>
         <name>dl_crcp.o</name>
      </input_file>
      <input_file id="fl-17">
         <path>C:\Users\Admin\workspace_ccstheia\empty_driverlib_src_LP_MSPM0G3507_nortos_ticlang\Debug\.\ti\driverlib\</path>
         <kind>object</kind>
         <file>dl_dac12.o</file>
         <name>dl_dac12.o</name>
      </input_file>
      <input_file id="fl-18">
         <path>C:\Users\Admin\workspace_ccstheia\empty_driverlib_src_LP_MSPM0G3507_nortos_ticlang\Debug\.\ti\driverlib\</path>
         <kind>object</kind>
         <file>dl_dma.o</file>
         <name>dl_dma.o</name>
      </input_file>
      <input_file id="fl-19">
         <path>C:\Users\Admin\workspace_ccstheia\empty_driverlib_src_LP_MSPM0G3507_nortos_ticlang\Debug\.\ti\driverlib\</path>
         <kind>object</kind>
         <file>dl_flashctl.o</file>
         <name>dl_flashctl.o</name>
      </input_file>
      <input_file id="fl-1a">
         <path>C:\Users\Admin\workspace_ccstheia\empty_driverlib_src_LP_MSPM0G3507_nortos_ticlang\Debug\.\ti\driverlib\</path>
         <kind>object</kind>
         <file>dl_gpamp.o</file>
         <name>dl_gpamp.o</name>
      </input_file>
      <input_file id="fl-1b">
         <path>C:\Users\Admin\workspace_ccstheia\empty_driverlib_src_LP_MSPM0G3507_nortos_ticlang\Debug\.\ti\driverlib\</path>
         <kind>object</kind>
         <file>dl_gpio.o</file>
         <name>dl_gpio.o</name>
      </input_file>
      <input_file id="fl-1c">
         <path>C:\Users\Admin\workspace_ccstheia\empty_driverlib_src_LP_MSPM0G3507_nortos_ticlang\Debug\.\ti\driverlib\</path>
         <kind>object</kind>
         <file>dl_i2c.o</file>
         <name>dl_i2c.o</name>
      </input_file>
      <input_file id="fl-1d">
         <path>C:\Users\Admin\workspace_ccstheia\empty_driverlib_src_LP_MSPM0G3507_nortos_ticlang\Debug\.\ti\driverlib\</path>
         <kind>object</kind>
         <file>dl_i2s.o</file>
         <name>dl_i2s.o</name>
      </input_file>
      <input_file id="fl-1e">
         <path>C:\Users\Admin\workspace_ccstheia\empty_driverlib_src_LP_MSPM0G3507_nortos_ticlang\Debug\.\ti\driverlib\</path>
         <kind>object</kind>
         <file>dl_iwdt.o</file>
         <name>dl_iwdt.o</name>
      </input_file>
      <input_file id="fl-1f">
         <path>C:\Users\Admin\workspace_ccstheia\empty_driverlib_src_LP_MSPM0G3507_nortos_ticlang\Debug\.\ti\driverlib\</path>
         <kind>object</kind>
         <file>dl_keystorectl.o</file>
         <name>dl_keystorectl.o</name>
      </input_file>
      <input_file id="fl-20">
         <path>C:\Users\Admin\workspace_ccstheia\empty_driverlib_src_LP_MSPM0G3507_nortos_ticlang\Debug\.\ti\driverlib\</path>
         <kind>object</kind>
         <file>dl_lcd.o</file>
         <name>dl_lcd.o</name>
      </input_file>
      <input_file id="fl-21">
         <path>C:\Users\Admin\workspace_ccstheia\empty_driverlib_src_LP_MSPM0G3507_nortos_ticlang\Debug\.\ti\driverlib\</path>
         <kind>object</kind>
         <file>dl_lfss.o</file>
         <name>dl_lfss.o</name>
      </input_file>
      <input_file id="fl-22">
         <path>C:\Users\Admin\workspace_ccstheia\empty_driverlib_src_LP_MSPM0G3507_nortos_ticlang\Debug\.\ti\driverlib\</path>
         <kind>object</kind>
         <file>dl_mathacl.o</file>
         <name>dl_mathacl.o</name>
      </input_file>
      <input_file id="fl-23">
         <path>C:\Users\Admin\workspace_ccstheia\empty_driverlib_src_LP_MSPM0G3507_nortos_ticlang\Debug\.\ti\driverlib\</path>
         <kind>object</kind>
         <file>dl_mcan.o</file>
         <name>dl_mcan.o</name>
      </input_file>
      <input_file id="fl-24">
         <path>C:\Users\Admin\workspace_ccstheia\empty_driverlib_src_LP_MSPM0G3507_nortos_ticlang\Debug\.\ti\driverlib\</path>
         <kind>object</kind>
         <file>dl_npu.o</file>
         <name>dl_npu.o</name>
      </input_file>
      <input_file id="fl-25">
         <path>C:\Users\Admin\workspace_ccstheia\empty_driverlib_src_LP_MSPM0G3507_nortos_ticlang\Debug\.\ti\driverlib\</path>
         <kind>object</kind>
         <file>dl_opa.o</file>
         <name>dl_opa.o</name>
      </input_file>
      <input_file id="fl-26">
         <path>C:\Users\Admin\workspace_ccstheia\empty_driverlib_src_LP_MSPM0G3507_nortos_ticlang\Debug\.\ti\driverlib\</path>
         <kind>object</kind>
         <file>dl_rtc.o</file>
         <name>dl_rtc.o</name>
      </input_file>
      <input_file id="fl-27">
         <path>C:\Users\Admin\workspace_ccstheia\empty_driverlib_src_LP_MSPM0G3507_nortos_ticlang\Debug\.\ti\driverlib\</path>
         <kind>object</kind>
         <file>dl_rtc_a.o</file>
         <name>dl_rtc_a.o</name>
      </input_file>
      <input_file id="fl-28">
         <path>C:\Users\Admin\workspace_ccstheia\empty_driverlib_src_LP_MSPM0G3507_nortos_ticlang\Debug\.\ti\driverlib\</path>
         <kind>object</kind>
         <file>dl_rtc_b.o</file>
         <name>dl_rtc_b.o</name>
      </input_file>
      <input_file id="fl-29">
         <path>C:\Users\Admin\workspace_ccstheia\empty_driverlib_src_LP_MSPM0G3507_nortos_ticlang\Debug\.\ti\driverlib\</path>
         <kind>object</kind>
         <file>dl_rtc_common.o</file>
         <name>dl_rtc_common.o</name>
      </input_file>
      <input_file id="fl-2a">
         <path>C:\Users\Admin\workspace_ccstheia\empty_driverlib_src_LP_MSPM0G3507_nortos_ticlang\Debug\.\ti\driverlib\</path>
         <kind>object</kind>
         <file>dl_scratchpad.o</file>
         <name>dl_scratchpad.o</name>
      </input_file>
      <input_file id="fl-2b">
         <path>C:\Users\Admin\workspace_ccstheia\empty_driverlib_src_LP_MSPM0G3507_nortos_ticlang\Debug\.\ti\driverlib\</path>
         <kind>object</kind>
         <file>dl_spgss.o</file>
         <name>dl_spgss.o</name>
      </input_file>
      <input_file id="fl-2c">
         <path>C:\Users\Admin\workspace_ccstheia\empty_driverlib_src_LP_MSPM0G3507_nortos_ticlang\Debug\.\ti\driverlib\</path>
         <kind>object</kind>
         <file>dl_spi.o</file>
         <name>dl_spi.o</name>
      </input_file>
      <input_file id="fl-2d">
         <path>C:\Users\Admin\workspace_ccstheia\empty_driverlib_src_LP_MSPM0G3507_nortos_ticlang\Debug\.\ti\driverlib\</path>
         <kind>object</kind>
         <file>dl_tamperio.o</file>
         <name>dl_tamperio.o</name>
      </input_file>
      <input_file id="fl-2e">
         <path>C:\Users\Admin\workspace_ccstheia\empty_driverlib_src_LP_MSPM0G3507_nortos_ticlang\Debug\.\ti\driverlib\</path>
         <kind>object</kind>
         <file>dl_timer.o</file>
         <name>dl_timer.o</name>
      </input_file>
      <input_file id="fl-2f">
         <path>C:\Users\Admin\workspace_ccstheia\empty_driverlib_src_LP_MSPM0G3507_nortos_ticlang\Debug\.\ti\driverlib\</path>
         <kind>object</kind>
         <file>dl_timera.o</file>
         <name>dl_timera.o</name>
      </input_file>
      <input_file id="fl-30">
         <path>C:\Users\Admin\workspace_ccstheia\empty_driverlib_src_LP_MSPM0G3507_nortos_ticlang\Debug\.\ti\driverlib\</path>
         <kind>object</kind>
         <file>dl_timerb.o</file>
         <name>dl_timerb.o</name>
      </input_file>
      <input_file id="fl-31">
         <path>C:\Users\Admin\workspace_ccstheia\empty_driverlib_src_LP_MSPM0G3507_nortos_ticlang\Debug\.\ti\driverlib\</path>
         <kind>object</kind>
         <file>dl_timerg.o</file>
         <name>dl_timerg.o</name>
      </input_file>
      <input_file id="fl-32">
         <path>C:\Users\Admin\workspace_ccstheia\empty_driverlib_src_LP_MSPM0G3507_nortos_ticlang\Debug\.\ti\driverlib\</path>
         <kind>object</kind>
         <file>dl_trng.o</file>
         <name>dl_trng.o</name>
      </input_file>
      <input_file id="fl-33">
         <path>C:\Users\Admin\workspace_ccstheia\empty_driverlib_src_LP_MSPM0G3507_nortos_ticlang\Debug\.\ti\driverlib\</path>
         <kind>object</kind>
         <file>dl_uart.o</file>
         <name>dl_uart.o</name>
      </input_file>
      <input_file id="fl-34">
         <path>C:\Users\Admin\workspace_ccstheia\empty_driverlib_src_LP_MSPM0G3507_nortos_ticlang\Debug\.\ti\driverlib\</path>
         <kind>object</kind>
         <file>dl_unicomm.o</file>
         <name>dl_unicomm.o</name>
      </input_file>
      <input_file id="fl-35">
         <path>C:\Users\Admin\workspace_ccstheia\empty_driverlib_src_LP_MSPM0G3507_nortos_ticlang\Debug\.\ti\driverlib\</path>
         <kind>object</kind>
         <file>dl_unicommi2cc.o</file>
         <name>dl_unicommi2cc.o</name>
      </input_file>
      <input_file id="fl-36">
         <path>C:\Users\Admin\workspace_ccstheia\empty_driverlib_src_LP_MSPM0G3507_nortos_ticlang\Debug\.\ti\driverlib\</path>
         <kind>object</kind>
         <file>dl_unicommi2ct.o</file>
         <name>dl_unicommi2ct.o</name>
      </input_file>
      <input_file id="fl-37">
         <path>C:\Users\Admin\workspace_ccstheia\empty_driverlib_src_LP_MSPM0G3507_nortos_ticlang\Debug\.\ti\driverlib\</path>
         <kind>object</kind>
         <file>dl_unicommspi.o</file>
         <name>dl_unicommspi.o</name>
      </input_file>
      <input_file id="fl-38">
         <path>C:\Users\Admin\workspace_ccstheia\empty_driverlib_src_LP_MSPM0G3507_nortos_ticlang\Debug\.\ti\driverlib\</path>
         <kind>object</kind>
         <file>dl_unicommuart.o</file>
         <name>dl_unicommuart.o</name>
      </input_file>
      <input_file id="fl-39">
         <path>C:\Users\Admin\workspace_ccstheia\empty_driverlib_src_LP_MSPM0G3507_nortos_ticlang\Debug\.\ti\driverlib\</path>
         <kind>object</kind>
         <file>dl_vref.o</file>
         <name>dl_vref.o</name>
      </input_file>
      <input_file id="fl-3a">
         <path>C:\Users\Admin\workspace_ccstheia\empty_driverlib_src_LP_MSPM0G3507_nortos_ticlang\Debug\.\ti\driverlib\</path>
         <kind>object</kind>
         <file>dl_wwdt.o</file>
         <name>dl_wwdt.o</name>
      </input_file>
      <input_file id="fl-3b">
         <path>C:\Users\Admin\workspace_ccstheia\empty_driverlib_src_LP_MSPM0G3507_nortos_ticlang\Debug\.\ti\driverlib\m0p\</path>
         <kind>object</kind>
         <file>dl_factoryregion.o</file>
         <name>dl_factoryregion.o</name>
      </input_file>
      <input_file id="fl-3c">
         <path>C:\Users\Admin\workspace_ccstheia\empty_driverlib_src_LP_MSPM0G3507_nortos_ticlang\Debug\.\ti\driverlib\m0p\</path>
         <kind>object</kind>
         <file>dl_interrupt.o</file>
         <name>dl_interrupt.o</name>
      </input_file>
      <input_file id="fl-3d">
         <path>C:\Users\Admin\workspace_ccstheia\empty_driverlib_src_LP_MSPM0G3507_nortos_ticlang\Debug\.\ti\driverlib\m0p\sysctl\</path>
         <kind>object</kind>
         <file>dl_sysctl_mspm0c1105_c1106.o</file>
         <name>dl_sysctl_mspm0c1105_c1106.o</name>
      </input_file>
      <input_file id="fl-3e">
         <path>C:\Users\Admin\workspace_ccstheia\empty_driverlib_src_LP_MSPM0G3507_nortos_ticlang\Debug\.\ti\driverlib\m0p\sysctl\</path>
         <kind>object</kind>
         <file>dl_sysctl_mspm0c110x.o</file>
         <name>dl_sysctl_mspm0c110x.o</name>
      </input_file>
      <input_file id="fl-3f">
         <path>C:\Users\Admin\workspace_ccstheia\empty_driverlib_src_LP_MSPM0G3507_nortos_ticlang\Debug\.\ti\driverlib\m0p\sysctl\</path>
         <kind>object</kind>
         <file>dl_sysctl_mspm0g1x0x_g3x0x.o</file>
         <name>dl_sysctl_mspm0g1x0x_g3x0x.o</name>
      </input_file>
      <input_file id="fl-40">
         <path>C:\Users\Admin\workspace_ccstheia\empty_driverlib_src_LP_MSPM0G3507_nortos_ticlang\Debug\.\ti\driverlib\m0p\sysctl\</path>
         <kind>object</kind>
         <file>dl_sysctl_mspm0g352x.o</file>
         <name>dl_sysctl_mspm0g352x.o</name>
      </input_file>
      <input_file id="fl-41">
         <path>C:\Users\Admin\workspace_ccstheia\empty_driverlib_src_LP_MSPM0G3507_nortos_ticlang\Debug\.\ti\driverlib\m0p\sysctl\</path>
         <kind>object</kind>
         <file>dl_sysctl_mspm0g511x.o</file>
         <name>dl_sysctl_mspm0g511x.o</name>
      </input_file>
      <input_file id="fl-42">
         <path>C:\Users\Admin\workspace_ccstheia\empty_driverlib_src_LP_MSPM0G3507_nortos_ticlang\Debug\.\ti\driverlib\m0p\sysctl\</path>
         <kind>object</kind>
         <file>dl_sysctl_mspm0g518x.o</file>
         <name>dl_sysctl_mspm0g518x.o</name>
      </input_file>
      <input_file id="fl-43">
         <path>C:\Users\Admin\workspace_ccstheia\empty_driverlib_src_LP_MSPM0G3507_nortos_ticlang\Debug\.\ti\driverlib\m0p\sysctl\</path>
         <kind>object</kind>
         <file>dl_sysctl_mspm0gx218_gx207.o</file>
         <name>dl_sysctl_mspm0gx218_gx207.o</name>
      </input_file>
      <input_file id="fl-44">
         <path>C:\Users\Admin\workspace_ccstheia\empty_driverlib_src_LP_MSPM0G3507_nortos_ticlang\Debug\.\ti\driverlib\m0p\sysctl\</path>
         <kind>object</kind>
         <file>dl_sysctl_mspm0gx51x.o</file>
         <name>dl_sysctl_mspm0gx51x.o</name>
      </input_file>
      <input_file id="fl-45">
         <path>C:\Users\Admin\workspace_ccstheia\empty_driverlib_src_LP_MSPM0G3507_nortos_ticlang\Debug\.\ti\driverlib\m0p\sysctl\</path>
         <kind>object</kind>
         <file>dl_sysctl_mspm0h321x.o</file>
         <name>dl_sysctl_mspm0h321x.o</name>
      </input_file>
      <input_file id="fl-46">
         <path>C:\Users\Admin\workspace_ccstheia\empty_driverlib_src_LP_MSPM0G3507_nortos_ticlang\Debug\.\ti\driverlib\m0p\sysctl\</path>
         <kind>object</kind>
         <file>dl_sysctl_mspm0l111x.o</file>
         <name>dl_sysctl_mspm0l111x.o</name>
      </input_file>
      <input_file id="fl-47">
         <path>C:\Users\Admin\workspace_ccstheia\empty_driverlib_src_LP_MSPM0G3507_nortos_ticlang\Debug\.\ti\driverlib\m0p\sysctl\</path>
         <kind>object</kind>
         <file>dl_sysctl_mspm0l11xx_l13xx.o</file>
         <name>dl_sysctl_mspm0l11xx_l13xx.o</name>
      </input_file>
      <input_file id="fl-48">
         <path>C:\Users\Admin\workspace_ccstheia\empty_driverlib_src_LP_MSPM0G3507_nortos_ticlang\Debug\.\ti\driverlib\m0p\sysctl\</path>
         <kind>object</kind>
         <file>dl_sysctl_mspm0l122x_l222x.o</file>
         <name>dl_sysctl_mspm0l122x_l222x.o</name>
      </input_file>
      <input_file id="fl-49">
         <path>C:\Users\Admin\workspace_ccstheia\empty_driverlib_src_LP_MSPM0G3507_nortos_ticlang\Debug\.\ti\driverlib\m0p\sysctl\</path>
         <kind>object</kind>
         <file>dl_sysctl_mspm0l211x_l112x.o</file>
         <name>dl_sysctl_mspm0l211x_l112x.o</name>
      </input_file>
      <input_file id="fl-55">
         <path>C:\Users\Admin\workspace_ccstheia\empty_driverlib_src_LP_MSPM0G3507_nortos_ticlang\Debug\</path>
         <kind>object</kind>
         <file>&lt;internal&gt;</file>
         <name>&lt;internal&gt;</name>
      </input_file>
      <input_file id="fl-6c">
         <path>D:\ccs\tools\compiler\ti-cgt-armllvm_4.0.4.LTS\lib\armv6m-ti-none-eabi\c\</path>
         <kind>archive</kind>
         <file>libc.a</file>
         <name>e_atan2f.c.obj</name>
      </input_file>
      <input_file id="fl-6d">
         <path>D:\ccs\tools\compiler\ti-cgt-armllvm_4.0.4.LTS\lib\armv6m-ti-none-eabi\c\</path>
         <kind>archive</kind>
         <file>libc.a</file>
         <name>s_atanf.c.obj</name>
      </input_file>
      <input_file id="fl-6e">
         <path>D:\ccs\tools\compiler\ti-cgt-armllvm_4.0.4.LTS\lib\armv6m-ti-none-eabi\c\</path>
         <kind>archive</kind>
         <file>libc.a</file>
         <name>s_roundf.c.obj</name>
      </input_file>
      <input_file id="fl-6f">
         <path>D:\ccs\tools\compiler\ti-cgt-armllvm_4.0.4.LTS\lib\armv6m-ti-none-eabi\c\</path>
         <kind>archive</kind>
         <file>libc.a</file>
         <name>vsprintf.c.obj</name>
      </input_file>
      <input_file id="fl-70">
         <path>D:\ccs\tools\compiler\ti-cgt-armllvm_4.0.4.LTS\lib\armv6m-ti-none-eabi\c\</path>
         <kind>archive</kind>
         <file>libc.a</file>
         <name>fputs.c.obj</name>
      </input_file>
      <input_file id="fl-71">
         <path>D:\ccs\tools\compiler\ti-cgt-armllvm_4.0.4.LTS\lib\armv6m-ti-none-eabi\c\</path>
         <kind>archive</kind>
         <file>libc.a</file>
         <name>_io_perm.c.obj</name>
      </input_file>
      <input_file id="fl-72">
         <path>D:\ccs\tools\compiler\ti-cgt-armllvm_4.0.4.LTS\lib\armv6m-ti-none-eabi\c\</path>
         <kind>archive</kind>
         <file>libc.a</file>
         <name>setvbuf.c.obj</name>
      </input_file>
      <input_file id="fl-73">
         <path>D:\ccs\tools\compiler\ti-cgt-armllvm_4.0.4.LTS\lib\armv6m-ti-none-eabi\c\</path>
         <kind>archive</kind>
         <file>libc.a</file>
         <name>strcmp-armv6m.S.obj</name>
      </input_file>
      <input_file id="fl-74">
         <path>D:\ccs\tools\compiler\ti-cgt-armllvm_4.0.4.LTS\lib\armv6m-ti-none-eabi\c\</path>
         <kind>archive</kind>
         <file>libc.a</file>
         <name>exit.c.obj</name>
      </input_file>
      <input_file id="fl-75">
         <path>D:\ccs\tools\compiler\ti-cgt-armllvm_4.0.4.LTS\lib\armv6m-ti-none-eabi\c\</path>
         <kind>archive</kind>
         <file>libc.a</file>
         <name>_lock.c.obj</name>
      </input_file>
      <input_file id="fl-76">
         <path>D:\ccs\tools\compiler\ti-cgt-armllvm_4.0.4.LTS\lib\armv6m-ti-none-eabi\c\</path>
         <kind>archive</kind>
         <file>libc.a</file>
         <name>atoi.c.obj</name>
      </input_file>
      <input_file id="fl-77">
         <path>D:\ccs\tools\compiler\ti-cgt-armllvm_4.0.4.LTS\lib\armv6m-ti-none-eabi\c\</path>
         <kind>archive</kind>
         <file>libc.a</file>
         <name>defs.c.obj</name>
      </input_file>
      <input_file id="fl-78">
         <path>D:\ccs\tools\compiler\ti-cgt-armllvm_4.0.4.LTS\lib\armv6m-ti-none-eabi\c\</path>
         <kind>archive</kind>
         <file>libc.a</file>
         <name>memory.c.obj</name>
      </input_file>
      <input_file id="fl-79">
         <path>D:\ccs\tools\compiler\ti-cgt-armllvm_4.0.4.LTS\lib\armv6m-ti-none-eabi\c\</path>
         <kind>archive</kind>
         <file>libc.a</file>
         <name>strtok.c.obj</name>
      </input_file>
      <input_file id="fl-7a">
         <path>D:\ccs\tools\compiler\ti-cgt-armllvm_4.0.4.LTS\lib\armv6m-ti-none-eabi\c\</path>
         <kind>archive</kind>
         <file>libc.a</file>
         <name>boot_cortex_m.c.obj</name>
      </input_file>
      <input_file id="fl-7b">
         <path>D:\ccs\tools\compiler\ti-cgt-armllvm_4.0.4.LTS\lib\armv6m-ti-none-eabi\c\</path>
         <kind>archive</kind>
         <file>libc.a</file>
         <name>mathacl_init.c.obj</name>
      </input_file>
      <input_file id="fl-7c">
         <path>D:\ccs\tools\compiler\ti-cgt-armllvm_4.0.4.LTS\lib\armv6m-ti-none-eabi\c\</path>
         <kind>archive</kind>
         <file>libc.a</file>
         <name>autoinit.c.obj</name>
      </input_file>
      <input_file id="fl-7d">
         <path>D:\ccs\tools\compiler\ti-cgt-armllvm_4.0.4.LTS\lib\armv6m-ti-none-eabi\c\</path>
         <kind>archive</kind>
         <file>libc.a</file>
         <name>pre_init.c.obj</name>
      </input_file>
      <input_file id="fl-7e">
         <path>D:\ccs\tools\compiler\ti-cgt-armllvm_4.0.4.LTS\lib\armv6m-ti-none-eabi\c\</path>
         <kind>archive</kind>
         <file>libc.a</file>
         <name>cpy_tbl.c.obj</name>
      </input_file>
      <input_file id="fl-7f">
         <path>D:\ccs\tools\compiler\ti-cgt-armllvm_4.0.4.LTS\lib\armv6m-ti-none-eabi\c\</path>
         <kind>archive</kind>
         <file>libc.a</file>
         <name>copy_zero_init.c.obj</name>
      </input_file>
      <input_file id="fl-80">
         <path>D:\ccs\tools\compiler\ti-cgt-armllvm_4.0.4.LTS\lib\armv6m-ti-none-eabi\c\</path>
         <kind>archive</kind>
         <file>libc.a</file>
         <name>copy_decompress_none.c.obj</name>
      </input_file>
      <input_file id="fl-81">
         <path>D:\ccs\tools\compiler\ti-cgt-armllvm_4.0.4.LTS\lib\armv6m-ti-none-eabi\c\</path>
         <kind>archive</kind>
         <file>libc.a</file>
         <name>copy_decompress_lzss.c.obj</name>
      </input_file>
      <input_file id="fl-82">
         <path>D:\ccs\tools\compiler\ti-cgt-armllvm_4.0.4.LTS\lib\armv6m-ti-none-eabi\c\</path>
         <kind>archive</kind>
         <file>libc.a</file>
         <name>s_floorf.c.obj</name>
      </input_file>
      <input_file id="fl-83">
         <path>D:\ccs\tools\compiler\ti-cgt-armllvm_4.0.4.LTS\lib\armv6m-ti-none-eabi\c\</path>
         <kind>archive</kind>
         <file>libc.a</file>
         <name>_printfi.c.obj</name>
      </input_file>
      <input_file id="fl-84">
         <path>D:\ccs\tools\compiler\ti-cgt-armllvm_4.0.4.LTS\lib\armv6m-ti-none-eabi\c\</path>
         <kind>archive</kind>
         <file>libc.a</file>
         <name>fflush.c.obj</name>
      </input_file>
      <input_file id="fl-85">
         <path>D:\ccs\tools\compiler\ti-cgt-armllvm_4.0.4.LTS\lib\armv6m-ti-none-eabi\c\</path>
         <kind>archive</kind>
         <file>libc.a</file>
         <name>fopen.c.obj</name>
      </input_file>
      <input_file id="fl-86">
         <path>D:\ccs\tools\compiler\ti-cgt-armllvm_4.0.4.LTS\lib\armv6m-ti-none-eabi\c\</path>
         <kind>archive</kind>
         <file>libc.a</file>
         <name>fseek.c.obj</name>
      </input_file>
      <input_file id="fl-87">
         <path>D:\ccs\tools\compiler\ti-cgt-armllvm_4.0.4.LTS\lib\armv6m-ti-none-eabi\c\</path>
         <kind>archive</kind>
         <file>libc.a</file>
         <name>aeabi_ctype.S.obj</name>
      </input_file>
      <input_file id="fl-88">
         <path>D:\ccs\tools\compiler\ti-cgt-armllvm_4.0.4.LTS\lib\armv6m-ti-none-eabi\c\</path>
         <kind>archive</kind>
         <file>libc.a</file>
         <name>aeabi_portable.c.obj</name>
      </input_file>
      <input_file id="fl-89">
         <path>D:\ccs\tools\compiler\ti-cgt-armllvm_4.0.4.LTS\lib\armv6m-ti-none-eabi\c\</path>
         <kind>archive</kind>
         <file>libc.a</file>
         <name>_ltoa.c.obj</name>
      </input_file>
      <input_file id="fl-8a">
         <path>D:\ccs\tools\compiler\ti-cgt-armllvm_4.0.4.LTS\lib\armv6m-ti-none-eabi\c\</path>
         <kind>archive</kind>
         <file>libc.a</file>
         <name>args_main.c.obj</name>
      </input_file>
      <input_file id="fl-8b">
         <path>D:\ccs\tools\compiler\ti-cgt-armllvm_4.0.4.LTS\lib\armv6m-ti-none-eabi\c\</path>
         <kind>archive</kind>
         <file>libc.a</file>
         <name>assert.c.obj</name>
      </input_file>
      <input_file id="fl-8c">
         <path>D:\ccs\tools\compiler\ti-cgt-armllvm_4.0.4.LTS\lib\armv6m-ti-none-eabi\c\</path>
         <kind>archive</kind>
         <file>libc.a</file>
         <name>memccpy.c.obj</name>
      </input_file>
      <input_file id="fl-8d">
         <path>D:\ccs\tools\compiler\ti-cgt-armllvm_4.0.4.LTS\lib\armv6m-ti-none-eabi\c\</path>
         <kind>archive</kind>
         <file>libc.a</file>
         <name>strcspn.c.obj</name>
      </input_file>
      <input_file id="fl-8e">
         <path>D:\ccs\tools\compiler\ti-cgt-armllvm_4.0.4.LTS\lib\armv6m-ti-none-eabi\c\</path>
         <kind>archive</kind>
         <file>libc.a</file>
         <name>strspn.c.obj</name>
      </input_file>
      <input_file id="fl-8f">
         <path>D:\ccs\tools\compiler\ti-cgt-armllvm_4.0.4.LTS\lib\armv6m-ti-none-eabi\c\</path>
         <kind>archive</kind>
         <file>libc.a</file>
         <name>s_frexp.c.obj</name>
      </input_file>
      <input_file id="fl-90">
         <path>D:\ccs\tools\compiler\ti-cgt-armllvm_4.0.4.LTS\lib\armv6m-ti-none-eabi\c\</path>
         <kind>archive</kind>
         <file>libc.a</file>
         <name>s_scalbn.c.obj</name>
      </input_file>
      <input_file id="fl-91">
         <path>D:\ccs\tools\compiler\ti-cgt-armllvm_4.0.4.LTS\lib\armv6m-ti-none-eabi\c\</path>
         <kind>archive</kind>
         <file>libc.a</file>
         <name>wcslen.c.obj</name>
      </input_file>
      <input_file id="fl-92">
         <path>D:\ccs\tools\compiler\ti-cgt-armllvm_4.0.4.LTS\lib\armv6m-ti-none-eabi\c\</path>
         <kind>archive</kind>
         <file>libc.a</file>
         <name>sprintf.c.obj</name>
      </input_file>
      <input_file id="fl-93">
         <path>D:\ccs\tools\compiler\ti-cgt-armllvm_4.0.4.LTS\lib\armv6m-ti-none-eabi\c\</path>
         <kind>archive</kind>
         <file>libc.a</file>
         <name>fclose.c.obj</name>
      </input_file>
      <input_file id="fl-133">
         <path>D:\ccs\tools\compiler\ti-cgt-armllvm_4.0.4.LTS\lib\armv6m-ti-none-eabi\c\</path>
         <kind>archive</kind>
         <file>libsysbm.a</file>
         <name>hostexit.c.obj</name>
      </input_file>
      <input_file id="fl-134">
         <path>D:\ccs\tools\compiler\ti-cgt-armllvm_4.0.4.LTS\lib\armv6m-ti-none-eabi\c\</path>
         <kind>archive</kind>
         <file>libsysbm.a</file>
         <name>write.c.obj</name>
      </input_file>
      <input_file id="fl-135">
         <path>D:\ccs\tools\compiler\ti-cgt-armllvm_4.0.4.LTS\lib\armv6m-ti-none-eabi\c\</path>
         <kind>archive</kind>
         <file>libsysbm.a</file>
         <name>host_device.c.obj</name>
      </input_file>
      <input_file id="fl-136">
         <path>D:\ccs\tools\compiler\ti-cgt-armllvm_4.0.4.LTS\lib\armv6m-ti-none-eabi\c\</path>
         <kind>archive</kind>
         <file>libsysbm.a</file>
         <name>remove.c.obj</name>
      </input_file>
      <input_file id="fl-137">
         <path>D:\ccs\tools\compiler\ti-cgt-armllvm_4.0.4.LTS\lib\armv6m-ti-none-eabi\c\</path>
         <kind>archive</kind>
         <file>libsysbm.a</file>
         <name>open.c.obj</name>
      </input_file>
      <input_file id="fl-138">
         <path>D:\ccs\tools\compiler\ti-cgt-armllvm_4.0.4.LTS\lib\armv6m-ti-none-eabi\c\</path>
         <kind>archive</kind>
         <file>libsysbm.a</file>
         <name>lseek.c.obj</name>
      </input_file>
      <input_file id="fl-139">
         <path>D:\ccs\tools\compiler\ti-cgt-armllvm_4.0.4.LTS\lib\armv6m-ti-none-eabi\c\</path>
         <kind>archive</kind>
         <file>libsysbm.a</file>
         <name>close.c.obj</name>
      </input_file>
      <input_file id="fl-13a">
         <path>D:\ccs\tools\compiler\ti-cgt-armllvm_4.0.4.LTS\lib\armv6m-ti-none-eabi\c\</path>
         <kind>archive</kind>
         <file>libsysbm.a</file>
         <name>unlink.c.obj</name>
      </input_file>
      <input_file id="fl-13b">
         <path>D:\ccs\tools\compiler\ti-cgt-armllvm_4.0.4.LTS\lib\armv6m-ti-none-eabi\c\</path>
         <kind>archive</kind>
         <file>libsysbm.a</file>
         <name>hostclose.c.obj</name>
      </input_file>
      <input_file id="fl-13c">
         <path>D:\ccs\tools\compiler\ti-cgt-armllvm_4.0.4.LTS\lib\armv6m-ti-none-eabi\c\</path>
         <kind>archive</kind>
         <file>libsysbm.a</file>
         <name>hostlseek.c.obj</name>
      </input_file>
      <input_file id="fl-13d">
         <path>D:\ccs\tools\compiler\ti-cgt-armllvm_4.0.4.LTS\lib\armv6m-ti-none-eabi\c\</path>
         <kind>archive</kind>
         <file>libsysbm.a</file>
         <name>hostopen.c.obj</name>
      </input_file>
      <input_file id="fl-13e">
         <path>D:\ccs\tools\compiler\ti-cgt-armllvm_4.0.4.LTS\lib\armv6m-ti-none-eabi\c\</path>
         <kind>archive</kind>
         <file>libsysbm.a</file>
         <name>hostread.c.obj</name>
      </input_file>
      <input_file id="fl-13f">
         <path>D:\ccs\tools\compiler\ti-cgt-armllvm_4.0.4.LTS\lib\armv6m-ti-none-eabi\c\</path>
         <kind>archive</kind>
         <file>libsysbm.a</file>
         <name>hostrename.c.obj</name>
      </input_file>
      <input_file id="fl-140">
         <path>D:\ccs\tools\compiler\ti-cgt-armllvm_4.0.4.LTS\lib\armv6m-ti-none-eabi\c\</path>
         <kind>archive</kind>
         <file>libsysbm.a</file>
         <name>hostunlink.c.obj</name>
      </input_file>
      <input_file id="fl-141">
         <path>D:\ccs\tools\compiler\ti-cgt-armllvm_4.0.4.LTS\lib\armv6m-ti-none-eabi\c\</path>
         <kind>archive</kind>
         <file>libsysbm.a</file>
         <name>hostwrite.c.obj</name>
      </input_file>
      <input_file id="fl-142">
         <path>D:\ccs\tools\compiler\ti-cgt-armllvm_4.0.4.LTS\lib\armv6m-ti-none-eabi\c\</path>
         <kind>archive</kind>
         <file>libsysbm.a</file>
         <name>trgmsg.c.obj</name>
      </input_file>
      <input_file id="fl-143">
         <path>D:\ccs\tools\compiler\ti-cgt-armllvm_4.0.4.LTS\lib\armv6m-ti-none-eabi\</path>
         <kind>archive</kind>
         <file>libclang_rt.builtins.a</file>
         <name>comparesf2.S.obj</name>
      </input_file>
      <input_file id="fl-144">
         <path>D:\ccs\tools\compiler\ti-cgt-armllvm_4.0.4.LTS\lib\armv6m-ti-none-eabi\</path>
         <kind>archive</kind>
         <file>libclang_rt.builtins.a</file>
         <name>addsf3.S.obj</name>
      </input_file>
      <input_file id="fl-145">
         <path>D:\ccs\tools\compiler\ti-cgt-armllvm_4.0.4.LTS\lib\armv6m-ti-none-eabi\</path>
         <kind>archive</kind>
         <file>libclang_rt.builtins.a</file>
         <name>adddf3.S.obj</name>
      </input_file>
      <input_file id="fl-146">
         <path>D:\ccs\tools\compiler\ti-cgt-armllvm_4.0.4.LTS\lib\armv6m-ti-none-eabi\</path>
         <kind>archive</kind>
         <file>libclang_rt.builtins.a</file>
         <name>muldf3.S.obj</name>
      </input_file>
      <input_file id="fl-147">
         <path>D:\ccs\tools\compiler\ti-cgt-armllvm_4.0.4.LTS\lib\armv6m-ti-none-eabi\</path>
         <kind>archive</kind>
         <file>libclang_rt.builtins.a</file>
         <name>muldsi3.S.obj</name>
      </input_file>
      <input_file id="fl-148">
         <path>D:\ccs\tools\compiler\ti-cgt-armllvm_4.0.4.LTS\lib\armv6m-ti-none-eabi\</path>
         <kind>archive</kind>
         <file>libclang_rt.builtins.a</file>
         <name>mulsf3.S.obj</name>
      </input_file>
      <input_file id="fl-149">
         <path>D:\ccs\tools\compiler\ti-cgt-armllvm_4.0.4.LTS\lib\armv6m-ti-none-eabi\</path>
         <kind>archive</kind>
         <file>libclang_rt.builtins.a</file>
         <name>divsf3.S.obj</name>
      </input_file>
      <input_file id="fl-14a">
         <path>D:\ccs\tools\compiler\ti-cgt-armllvm_4.0.4.LTS\lib\armv6m-ti-none-eabi\</path>
         <kind>archive</kind>
         <file>libclang_rt.builtins.a</file>
         <name>divdf3.S.obj</name>
      </input_file>
      <input_file id="fl-14b">
         <path>D:\ccs\tools\compiler\ti-cgt-armllvm_4.0.4.LTS\lib\armv6m-ti-none-eabi\</path>
         <kind>archive</kind>
         <file>libclang_rt.builtins.a</file>
         <name>fixdfsi.S.obj</name>
      </input_file>
      <input_file id="fl-14c">
         <path>D:\ccs\tools\compiler\ti-cgt-armllvm_4.0.4.LTS\lib\armv6m-ti-none-eabi\</path>
         <kind>archive</kind>
         <file>libclang_rt.builtins.a</file>
         <name>fixsfsi.S.obj</name>
      </input_file>
      <input_file id="fl-14d">
         <path>D:\ccs\tools\compiler\ti-cgt-armllvm_4.0.4.LTS\lib\armv6m-ti-none-eabi\</path>
         <kind>archive</kind>
         <file>libclang_rt.builtins.a</file>
         <name>floatsidf.S.obj</name>
      </input_file>
      <input_file id="fl-14e">
         <path>D:\ccs\tools\compiler\ti-cgt-armllvm_4.0.4.LTS\lib\armv6m-ti-none-eabi\</path>
         <kind>archive</kind>
         <file>libclang_rt.builtins.a</file>
         <name>floatsisf.S.obj</name>
      </input_file>
      <input_file id="fl-14f">
         <path>D:\ccs\tools\compiler\ti-cgt-armllvm_4.0.4.LTS\lib\armv6m-ti-none-eabi\</path>
         <kind>archive</kind>
         <file>libclang_rt.builtins.a</file>
         <name>muldi3.S.obj</name>
      </input_file>
      <input_file id="fl-150">
         <path>D:\ccs\tools\compiler\ti-cgt-armllvm_4.0.4.LTS\lib\armv6m-ti-none-eabi\</path>
         <kind>archive</kind>
         <file>libclang_rt.builtins.a</file>
         <name>aeabi_dcmp.S.obj</name>
      </input_file>
      <input_file id="fl-151">
         <path>D:\ccs\tools\compiler\ti-cgt-armllvm_4.0.4.LTS\lib\armv6m-ti-none-eabi\</path>
         <kind>archive</kind>
         <file>libclang_rt.builtins.a</file>
         <name>aeabi_fcmp.S.obj</name>
      </input_file>
      <input_file id="fl-152">
         <path>D:\ccs\tools\compiler\ti-cgt-armllvm_4.0.4.LTS\lib\armv6m-ti-none-eabi\</path>
         <kind>archive</kind>
         <file>libclang_rt.builtins.a</file>
         <name>aeabi_idivmod.S.obj</name>
      </input_file>
      <input_file id="fl-153">
         <path>D:\ccs\tools\compiler\ti-cgt-armllvm_4.0.4.LTS\lib\armv6m-ti-none-eabi\</path>
         <kind>archive</kind>
         <file>libclang_rt.builtins.a</file>
         <name>aeabi_memcpy.S.obj</name>
      </input_file>
      <input_file id="fl-154">
         <path>D:\ccs\tools\compiler\ti-cgt-armllvm_4.0.4.LTS\lib\armv6m-ti-none-eabi\</path>
         <kind>archive</kind>
         <file>libclang_rt.builtins.a</file>
         <name>aeabi_memset.S.obj</name>
      </input_file>
      <input_file id="fl-155">
         <path>D:\ccs\tools\compiler\ti-cgt-armllvm_4.0.4.LTS\lib\armv6m-ti-none-eabi\</path>
         <kind>archive</kind>
         <file>libclang_rt.builtins.a</file>
         <name>aeabi_uidivmod.S.obj</name>
      </input_file>
      <input_file id="fl-156">
         <path>D:\ccs\tools\compiler\ti-cgt-armllvm_4.0.4.LTS\lib\armv6m-ti-none-eabi\</path>
         <kind>archive</kind>
         <file>libclang_rt.builtins.a</file>
         <name>aeabi_uldivmod.S.obj</name>
      </input_file>
      <input_file id="fl-157">
         <path>D:\ccs\tools\compiler\ti-cgt-armllvm_4.0.4.LTS\lib\armv6m-ti-none-eabi\</path>
         <kind>archive</kind>
         <file>libclang_rt.builtins.a</file>
         <name>udivmoddi4.S.obj</name>
      </input_file>
      <input_file id="fl-158">
         <path>D:\ccs\tools\compiler\ti-cgt-armllvm_4.0.4.LTS\lib\armv6m-ti-none-eabi\</path>
         <kind>archive</kind>
         <file>libclang_rt.builtins.a</file>
         <name>ashldi3.S.obj</name>
      </input_file>
      <input_file id="fl-159">
         <path>D:\ccs\tools\compiler\ti-cgt-armllvm_4.0.4.LTS\lib\armv6m-ti-none-eabi\</path>
         <kind>archive</kind>
         <file>libclang_rt.builtins.a</file>
         <name>comparedf2.c.obj</name>
      </input_file>
      <input_file id="fl-15a">
         <path>D:\ccs\tools\compiler\ti-cgt-armllvm_4.0.4.LTS\lib\armv6m-ti-none-eabi\</path>
         <kind>archive</kind>
         <file>libclang_rt.builtins.a</file>
         <name>aeabi_div0.c.obj</name>
      </input_file>
      <input_file id="fl-15b">
         <path>D:\ccs\tools\compiler\ti-cgt-armllvm_4.0.4.LTS\lib\armv6m-ti-none-eabi\c\</path>
         <kind>archive</kind>
         <file>libc.a</file>
         <name>getdevice.c.obj</name>
      </input_file>
      <input_file id="fl-15c">
         <path>D:\ccs\tools\compiler\ti-cgt-armllvm_4.0.4.LTS\lib\armv6m-ti-none-eabi\c\</path>
         <kind>archive</kind>
         <file>libc.a</file>
         <name>memcpy16.S.obj</name>
      </input_file>
      <input_file id="fl-15d">
         <path>D:\ccs\tools\compiler\ti-cgt-armllvm_4.0.4.LTS\lib\armv6m-ti-none-eabi\c\</path>
         <kind>archive</kind>
         <file>libc.a</file>
         <name>memset16.S.obj</name>
      </input_file>
   </input_file_list>
   <object_component_list>
      <object_component id="oc-18">
         <name>.intvecs</name>
         <load_address>0x0</load_address>
         <readonly>true</readonly>
         <run_address>0x0</run_address>
         <size>0xc0</size>
         <alignment>0x4</alignment>
         <input_file_ref idref="fl-5"/>
      </object_component>
      <object_component id="oc-2dc">
         <name>.text:__TI_printfi</name>
         <load_address>0xc0</load_address>
         <readonly>true</readonly>
         <executable>true</executable>
         <run_address>0xc0</run_address>
         <size>0x9d0</size>
         <alignment>0x4</alignment>
         <input_file_ref idref="fl-83"/>
      </object_component>
      <object_component id="oc-191">
         <name>.text.Task4_Task</name>
         <load_address>0xa90</load_address>
         <readonly>true</readonly>
         <executable>true</executable>
         <run_address>0xa90</run_address>
         <size>0x5f4</size>
         <alignment>0x4</alignment>
         <input_file_ref idref="fl-e"/>
      </object_component>
      <object_component id="oc-d4">
         <name>.text.Control_Task</name>
         <load_address>0x1084</load_address>
         <readonly>true</readonly>
         <executable>true</executable>
         <run_address>0x1084</run_address>
         <size>0x37c</size>
         <alignment>0x4</alignment>
         <input_file_ref idref="fl-8"/>
      </object_component>
      <object_component id="oc-190">
         <name>.text.Task3_Task</name>
         <load_address>0x1400</load_address>
         <readonly>true</readonly>
         <executable>true</executable>
         <run_address>0x1400</run_address>
         <size>0x368</size>
         <alignment>0x4</alignment>
         <input_file_ref idref="fl-d"/>
      </object_component>
      <object_component id="oc-26f">
         <name>.text.Task4_GetLineError</name>
         <load_address>0x1768</load_address>
         <readonly>true</readonly>
         <executable>true</executable>
         <run_address>0x1768</run_address>
         <size>0x270</size>
         <alignment>0x4</alignment>
         <input_file_ref idref="fl-e"/>
      </object_component>
      <object_component id="oc-222">
         <name>.text.IIC_Read_Byte</name>
         <load_address>0x19d8</load_address>
         <readonly>true</readonly>
         <executable>true</executable>
         <run_address>0x19d8</run_address>
         <size>0x260</size>
         <alignment>0x4</alignment>
         <input_file_ref idref="fl-7"/>
      </object_component>
      <object_component id="oc-ae">
         <name>.text.MPU6050_Init</name>
         <load_address>0x1c38</load_address>
         <readonly>true</readonly>
         <executable>true</executable>
         <run_address>0x1c38</run_address>
         <size>0x240</size>
         <alignment>0x4</alignment>
         <input_file_ref idref="fl-a"/>
      </object_component>
      <object_component id="oc-32d">
         <name>.text._pconv_a</name>
         <load_address>0x1e78</load_address>
         <readonly>true</readonly>
         <executable>true</executable>
         <run_address>0x1e78</run_address>
         <size>0x220</size>
         <alignment>0x4</alignment>
         <input_file_ref idref="fl-83"/>
      </object_component>
      <object_component id="oc-332">
         <name>.text._pconv_g</name>
         <load_address>0x2098</load_address>
         <readonly>true</readonly>
         <executable>true</executable>
         <run_address>0x2098</run_address>
         <size>0x1dc</size>
         <alignment>0x4</alignment>
         <input_file_ref idref="fl-83"/>
      </object_component>
      <object_component id="oc-22a">
         <name>.text.atanf</name>
         <load_address>0x2274</load_address>
         <readonly>true</readonly>
         <executable>true</executable>
         <run_address>0x2274</run_address>
         <size>0x1c8</size>
         <alignment>0x4</alignment>
         <input_file_ref idref="fl-6d"/>
      </object_component>
      <object_component id="oc-21e">
         <name>.text.IIC_Start</name>
         <load_address>0x243c</load_address>
         <readonly>true</readonly>
         <executable>true</executable>
         <run_address>0x243c</run_address>
         <size>0x1a0</size>
         <alignment>0x4</alignment>
         <input_file_ref idref="fl-7"/>
      </object_component>
      <object_component id="oc-221">
         <name>.text.IIC_Stop</name>
         <load_address>0x25dc</load_address>
         <readonly>true</readonly>
         <executable>true</executable>
         <run_address>0x25dc</run_address>
         <size>0x1a0</size>
         <alignment>0x4</alignment>
         <input_file_ref idref="fl-7"/>
      </object_component>
      <object_component id="oc-39d">
         <name>.text.adddf3_subdf3</name>
         <load_address>0x277c</load_address>
         <readonly>true</readonly>
         <executable>true</executable>
         <run_address>0x277c</run_address>
         <size>0x192</size>
         <alignment>0x4</alignment>
         <input_file_ref idref="fl-145"/>
      </object_component>
      <object_component id="oc-33">
         <name>.text.Default_Handler</name>
         <load_address>0x290e</load_address>
         <readonly>true</readonly>
         <executable>true</executable>
         <run_address>0x290e</run_address>
         <size>0x2</size>
         <alignment>0x2</alignment>
         <input_file_ref idref="fl-5"/>
      </object_component>
      <object_component id="oc-bf">
         <name>.text.BlueSerial_Task</name>
         <load_address>0x2910</load_address>
         <readonly>true</readonly>
         <executable>true</executable>
         <run_address>0x2910</run_address>
         <size>0x164</size>
         <alignment>0x4</alignment>
         <input_file_ref idref="fl-3"/>
      </object_component>
      <object_component id="oc-21f">
         <name>.text.IIC_Send_Byte</name>
         <load_address>0x2a74</load_address>
         <readonly>true</readonly>
         <executable>true</executable>
         <run_address>0x2a74</run_address>
         <size>0x164</size>
         <alignment>0x4</alignment>
         <input_file_ref idref="fl-7"/>
      </object_component>
      <object_component id="oc-220">
         <name>.text.IIC_Wait_Ack</name>
         <load_address>0x2bd8</load_address>
         <readonly>true</readonly>
         <executable>true</executable>
         <run_address>0x2bd8</run_address>
         <size>0x14c</size>
         <alignment>0x4</alignment>
         <input_file_ref idref="fl-7"/>
      </object_component>
      <object_component id="oc-18f">
         <name>.text.Task2_Task</name>
         <load_address>0x2d24</load_address>
         <readonly>true</readonly>
         <executable>true</executable>
         <run_address>0x2d24</run_address>
         <size>0x140</size>
         <alignment>0x4</alignment>
         <input_file_ref idref="fl-c"/>
      </object_component>
      <object_component id="oc-3a1">
         <name>.text.fcvt</name>
         <load_address>0x2e64</load_address>
         <readonly>true</readonly>
         <executable>true</executable>
         <run_address>0x2e64</run_address>
         <size>0x13c</size>
         <alignment>0x4</alignment>
         <input_file_ref idref="fl-83"/>
      </object_component>
      <object_component id="oc-7a">
         <name>.text.main</name>
         <load_address>0x2fa0</load_address>
         <readonly>true</readonly>
         <executable>true</executable>
         <run_address>0x2fa0</run_address>
         <size>0x12c</size>
         <alignment>0x4</alignment>
         <input_file_ref idref="fl-8"/>
      </object_component>
      <object_component id="oc-334">
         <name>.text._pconv_e</name>
         <load_address>0x30cc</load_address>
         <readonly>true</readonly>
         <executable>true</executable>
         <run_address>0x30cc</run_address>
         <size>0x120</size>
         <alignment>0x4</alignment>
         <input_file_ref idref="fl-83"/>
      </object_component>
      <object_component id="oc-14f">
         <name>.text.atan2f</name>
         <load_address>0x31ec</load_address>
         <readonly>true</readonly>
         <executable>true</executable>
         <run_address>0x31ec</run_address>
         <size>0x118</size>
         <alignment>0x4</alignment>
         <input_file_ref idref="fl-6c"/>
      </object_component>
      <object_component id="oc-185">
         <name>.text.Sensor_JC</name>
         <load_address>0x3304</load_address>
         <readonly>true</readonly>
         <executable>true</executable>
         <run_address>0x3304</run_address>
         <size>0x114</size>
         <alignment>0x4</alignment>
         <input_file_ref idref="fl-b"/>
      </object_component>
      <object_component id="oc-2ea">
         <name>.text.aligned_alloc</name>
         <load_address>0x3418</load_address>
         <readonly>true</readonly>
         <executable>true</executable>
         <run_address>0x3418</run_address>
         <size>0x114</size>
         <alignment>0x4</alignment>
         <input_file_ref idref="fl-78"/>
      </object_component>
      <object_component id="oc-141">
         <name>.text.MPU6050_Read_Bytes</name>
         <load_address>0x352c</load_address>
         <readonly>true</readonly>
         <executable>true</executable>
         <run_address>0x352c</run_address>
         <size>0x110</size>
         <alignment>0x2</alignment>
         <input_file_ref idref="fl-a"/>
      </object_component>
      <object_component id="oc-399">
         <name>.text.__divdf3</name>
         <load_address>0x363c</load_address>
         <readonly>true</readonly>
         <executable>true</executable>
         <run_address>0x363c</run_address>
         <size>0x10c</size>
         <alignment>0x4</alignment>
         <input_file_ref idref="fl-14a"/>
      </object_component>
      <object_component id="oc-1d3">
         <name>.text.DL_Timer_initFourCCPWMMode</name>
         <load_address>0x3748</load_address>
         <readonly>true</readonly>
         <executable>true</executable>
         <run_address>0x3748</run_address>
         <size>0x104</size>
         <alignment>0x4</alignment>
         <input_file_ref idref="fl-2e"/>
      </object_component>
      <object_component id="oc-1d9">
         <name>.text.DL_Timer_initTimerMode</name>
         <load_address>0x384c</load_address>
         <readonly>true</readonly>
         <executable>true</executable>
         <run_address>0x384c</run_address>
         <size>0xfc</size>
         <alignment>0x4</alignment>
         <input_file_ref idref="fl-2e"/>
      </object_component>
      <object_component id="oc-1b4">
         <name>.text.Speed_PI_Control</name>
         <load_address>0x3948</load_address>
         <readonly>true</readonly>
         <executable>true</executable>
         <run_address>0x3948</run_address>
         <size>0xf8</size>
         <alignment>0x4</alignment>
         <input_file_ref idref="fl-1"/>
      </object_component>
      <object_component id="oc-158">
         <name>.text.fputs</name>
         <load_address>0x3a40</load_address>
         <readonly>true</readonly>
         <executable>true</executable>
         <run_address>0x3a40</run_address>
         <size>0xf8</size>
         <alignment>0x4</alignment>
         <input_file_ref idref="fl-70"/>
      </object_component>
      <object_component id="oc-1b7">
         <name>.text.Balance_PID</name>
         <load_address>0x3b38</load_address>
         <readonly>true</readonly>
         <executable>true</executable>
         <run_address>0x3b38</run_address>
         <size>0xe8</size>
         <alignment>0x4</alignment>
         <input_file_ref idref="fl-1"/>
      </object_component>
      <object_component id="oc-1b5">
         <name>.text.Turn_Control</name>
         <load_address>0x3c20</load_address>
         <readonly>true</readonly>
         <executable>true</executable>
         <run_address>0x3c20</run_address>
         <size>0xe8</size>
         <alignment>0x4</alignment>
         <input_file_ref idref="fl-1"/>
      </object_component>
      <object_component id="oc-2c1">
         <name>.text.free</name>
         <load_address>0x3d08</load_address>
         <readonly>true</readonly>
         <executable>true</executable>
         <run_address>0x3d08</run_address>
         <size>0xe8</size>
         <alignment>0x4</alignment>
         <input_file_ref idref="fl-78"/>
      </object_component>
      <object_component id="oc-389">
         <name>.text.__muldf3</name>
         <load_address>0x3df0</load_address>
         <readonly>true</readonly>
         <executable>true</executable>
         <run_address>0x3df0</run_address>
         <size>0xe4</size>
         <alignment>0x4</alignment>
         <input_file_ref idref="fl-146"/>
      </object_component>
      <object_component id="oc-29c">
         <name>.text.setvbuf</name>
         <load_address>0x3ed4</load_address>
         <readonly>true</readonly>
         <executable>true</executable>
         <run_address>0x3ed4</run_address>
         <size>0xe0</size>
         <alignment>0x4</alignment>
         <input_file_ref idref="fl-72"/>
      </object_component>
      <object_component id="oc-378">
         <name>.text.scalbn</name>
         <load_address>0x3fb4</load_address>
         <readonly>true</readonly>
         <executable>true</executable>
         <run_address>0x3fb4</run_address>
         <size>0xd8</size>
         <alignment>0x4</alignment>
         <input_file_ref idref="fl-90"/>
      </object_component>
      <object_component id="oc-177">
         <name>.text</name>
         <load_address>0x408c</load_address>
         <readonly>true</readonly>
         <executable>true</executable>
         <run_address>0x408c</run_address>
         <size>0xd8</size>
         <alignment>0x4</alignment>
         <input_file_ref idref="fl-144"/>
      </object_component>
      <object_component id="oc-16c">
         <name>.text.BlueSerial_StartTask</name>
         <load_address>0x4164</load_address>
         <readonly>true</readonly>
         <executable>true</executable>
         <run_address>0x4164</run_address>
         <size>0xd4</size>
         <alignment>0x4</alignment>
         <input_file_ref idref="fl-3"/>
      </object_component>
      <object_component id="oc-1a3">
         <name>.text.MPU6050_Read_Data</name>
         <load_address>0x4238</load_address>
         <readonly>true</readonly>
         <executable>true</executable>
         <run_address>0x4238</run_address>
         <size>0xbc</size>
         <alignment>0x4</alignment>
         <input_file_ref idref="fl-a"/>
      </object_component>
      <object_component id="oc-12c">
         <name>.text.Task4_Init</name>
         <load_address>0x42f4</load_address>
         <readonly>true</readonly>
         <executable>true</executable>
         <run_address>0x42f4</run_address>
         <size>0xac</size>
         <alignment>0x4</alignment>
         <input_file_ref idref="fl-e"/>
      </object_component>
      <object_component id="oc-c1">
         <name>.text.Tasks_Task</name>
         <load_address>0x43a0</load_address>
         <readonly>true</readonly>
         <executable>true</executable>
         <run_address>0x43a0</run_address>
         <size>0xa8</size>
         <alignment>0x4</alignment>
         <input_file_ref idref="fl-f"/>
      </object_component>
      <object_component id="oc-36f">
         <name>.text</name>
         <load_address>0x4448</load_address>
         <readonly>true</readonly>
         <executable>true</executable>
         <run_address>0x4448</run_address>
         <size>0xa2</size>
         <alignment>0x4</alignment>
         <input_file_ref idref="fl-157"/>
      </object_component>
      <object_component id="oc-8a">
         <name>.text:memcpy</name>
         <load_address>0x44ea</load_address>
         <readonly>true</readonly>
         <executable>true</executable>
         <run_address>0x44ea</run_address>
         <size>0x9a</size>
         <alignment>0x1</alignment>
         <input_file_ref idref="fl-15c"/>
      </object_component>
      <object_component id="oc-c3">
         <name>.text.Alert_Task</name>
         <load_address>0x4584</load_address>
         <readonly>true</readonly>
         <executable>true</executable>
         <run_address>0x4584</run_address>
         <size>0x90</size>
         <alignment>0x4</alignment>
         <input_file_ref idref="fl-2"/>
      </object_component>
      <object_component id="oc-ff">
         <name>.text.SYSCFG_DL_PWM_0_init</name>
         <load_address>0x4614</load_address>
         <readonly>true</readonly>
         <executable>true</executable>
         <run_address>0x4614</run_address>
         <size>0x90</size>
         <alignment>0x4</alignment>
         <input_file_ref idref="fl-4"/>
      </object_component>
      <object_component id="oc-b4">
         <name>.text.Set_Motor_Speed</name>
         <load_address>0x46a4</load_address>
         <readonly>true</readonly>
         <executable>true</executable>
         <run_address>0x46a4</run_address>
         <size>0x90</size>
         <alignment>0x4</alignment>
         <input_file_ref idref="fl-9"/>
      </object_component>
      <object_component id="oc-12b">
         <name>.text.Task3_Init</name>
         <load_address>0x4734</load_address>
         <readonly>true</readonly>
         <executable>true</executable>
         <run_address>0x4734</run_address>
         <size>0x90</size>
         <alignment>0x4</alignment>
         <input_file_ref idref="fl-d"/>
      </object_component>
      <object_component id="oc-14b">
         <name>.text.__mulsf3</name>
         <load_address>0x47c4</load_address>
         <readonly>true</readonly>
         <executable>true</executable>
         <run_address>0x47c4</run_address>
         <size>0x8c</size>
         <alignment>0x4</alignment>
         <input_file_ref idref="fl-148"/>
      </object_component>
      <object_component id="oc-2b7">
         <name>.text.floorf</name>
         <load_address>0x4850</load_address>
         <readonly>true</readonly>
         <executable>true</executable>
         <run_address>0x4850</run_address>
         <size>0x8c</size>
         <alignment>0x4</alignment>
         <input_file_ref idref="fl-82"/>
      </object_component>
      <object_component id="oc-1a4">
         <name>.text.MPU6050_Calculate_Attitude</name>
         <load_address>0x48dc</load_address>
         <readonly>true</readonly>
         <executable>true</executable>
         <run_address>0x48dc</run_address>
         <size>0x88</size>
         <alignment>0x4</alignment>
         <input_file_ref idref="fl-a"/>
      </object_component>
      <object_component id="oc-1b8">
         <name>.text.Get_Balance_Output</name>
         <load_address>0x4964</load_address>
         <readonly>true</readonly>
         <executable>true</executable>
         <run_address>0x4964</run_address>
         <size>0xc</size>
         <alignment>0x4</alignment>
         <input_file_ref idref="fl-1"/>
      </object_component>
      <object_component id="oc-163">
         <name>.text:strcmp</name>
         <load_address>0x4970</load_address>
         <readonly>true</readonly>
         <executable>true</executable>
         <run_address>0x4970</run_address>
         <size>0x88</size>
         <alignment>0x10</alignment>
         <input_file_ref idref="fl-73"/>
      </object_component>
      <object_component id="oc-146">
         <name>.text.__divsf3</name>
         <load_address>0x49f8</load_address>
         <readonly>true</readonly>
         <executable>true</executable>
         <run_address>0x49f8</run_address>
         <size>0x82</size>
         <alignment>0x4</alignment>
         <input_file_ref idref="fl-149"/>
      </object_component>
      <object_component id="oc-268">
         <name>.text.__aeabi_idiv0</name>
         <load_address>0x4a7a</load_address>
         <readonly>true</readonly>
         <executable>true</executable>
         <run_address>0x4a7a</run_address>
         <size>0x2</size>
         <alignment>0x2</alignment>
         <input_file_ref idref="fl-15a"/>
      </object_component>
      <object_component id="oc-102">
         <name>.text.SYSCFG_DL_UART_0_init</name>
         <load_address>0x4a7c</load_address>
         <readonly>true</readonly>
         <executable>true</executable>
         <run_address>0x4a7c</run_address>
         <size>0x80</size>
         <alignment>0x4</alignment>
         <input_file_ref idref="fl-4"/>
      </object_component>
      <object_component id="oc-103">
         <name>.text.SYSCFG_DL_UART_1_init</name>
         <load_address>0x4afc</load_address>
         <readonly>true</readonly>
         <executable>true</executable>
         <run_address>0x4afc</run_address>
         <size>0x80</size>
         <alignment>0x4</alignment>
         <input_file_ref idref="fl-4"/>
      </object_component>
      <object_component id="oc-39">
         <name>.text.UART1_IRQHandler</name>
         <load_address>0x4b7c</load_address>
         <readonly>true</readonly>
         <executable>true</executable>
         <run_address>0x4b7c</run_address>
         <size>0x7c</size>
         <alignment>0x4</alignment>
         <input_file_ref idref="fl-3"/>
      </object_component>
      <object_component id="oc-2eb">
         <name>.text.__TI_closefile</name>
         <load_address>0x4bf8</load_address>
         <readonly>true</readonly>
         <executable>true</executable>
         <run_address>0x4bf8</run_address>
         <size>0x7c</size>
         <alignment>0x4</alignment>
         <input_file_ref idref="fl-93"/>
      </object_component>
      <object_component id="oc-1c">
         <name>.text:decompress:lzss</name>
         <load_address>0x4c74</load_address>
         <readonly>true</readonly>
         <executable>true</executable>
         <run_address>0x4c74</run_address>
         <size>0x7c</size>
         <alignment>0x4</alignment>
         <input_file_ref idref="fl-81"/>
      </object_component>
      <object_component id="oc-c0">
         <name>.text.BlueSerial_SendPitchTask</name>
         <load_address>0x4cf0</load_address>
         <readonly>true</readonly>
         <executable>true</executable>
         <run_address>0x4cf0</run_address>
         <size>0x78</size>
         <alignment>0x4</alignment>
         <input_file_ref idref="fl-3"/>
      </object_component>
      <object_component id="oc-9e">
         <name>.text.PID_Init</name>
         <load_address>0x4d68</load_address>
         <readonly>true</readonly>
         <executable>true</executable>
         <run_address>0x4d68</run_address>
         <size>0x74</size>
         <alignment>0x4</alignment>
         <input_file_ref idref="fl-1"/>
      </object_component>
      <object_component id="oc-b6">
         <name>.text.PID_Reset</name>
         <load_address>0x4ddc</load_address>
         <readonly>true</readonly>
         <executable>true</executable>
         <run_address>0x4ddc</run_address>
         <size>0x74</size>
         <alignment>0x4</alignment>
         <input_file_ref idref="fl-1"/>
      </object_component>
      <object_component id="oc-397">
         <name>.text.__gedf2</name>
         <load_address>0x4e50</load_address>
         <readonly>true</readonly>
         <executable>true</executable>
         <run_address>0x4e50</run_address>
         <size>0x74</size>
         <alignment>0x4</alignment>
         <input_file_ref idref="fl-159"/>
      </object_component>
      <object_component id="oc-304">
         <name>.text.HOSTlseek</name>
         <load_address>0x4ec4</load_address>
         <readonly>true</readonly>
         <executable>true</executable>
         <run_address>0x4ec4</run_address>
         <size>0x6c</size>
         <alignment>0x4</alignment>
         <input_file_ref idref="fl-13c"/>
      </object_component>
      <object_component id="oc-30c">
         <name>.text.HOSTrename</name>
         <load_address>0x4f30</load_address>
         <readonly>true</readonly>
         <executable>true</executable>
         <run_address>0x4f30</run_address>
         <size>0x6c</size>
         <alignment>0x4</alignment>
         <input_file_ref idref="fl-13f"/>
      </object_component>
      <object_component id="oc-12a">
         <name>.text.Task2_Init</name>
         <load_address>0x4f9c</load_address>
         <readonly>true</readonly>
         <executable>true</executable>
         <run_address>0x4f9c</run_address>
         <size>0x6c</size>
         <alignment>0x4</alignment>
         <input_file_ref idref="fl-c"/>
      </object_component>
      <object_component id="oc-2be">
         <name>.text.fseeko</name>
         <load_address>0x5008</load_address>
         <readonly>true</readonly>
         <executable>true</executable>
         <run_address>0x5008</run_address>
         <size>0x6c</size>
         <alignment>0x4</alignment>
         <input_file_ref idref="fl-86"/>
      </object_component>
      <object_component id="oc-3ca">
         <name>.text.getdevice</name>
         <load_address>0x5074</load_address>
         <readonly>true</readonly>
         <executable>true</executable>
         <run_address>0x5074</run_address>
         <size>0x6c</size>
         <alignment>0x4</alignment>
         <input_file_ref idref="fl-15b"/>
      </object_component>
      <object_component id="oc-a8">
         <name>.text.BlueSerial_Init</name>
         <load_address>0x50e0</load_address>
         <readonly>true</readonly>
         <executable>true</executable>
         <run_address>0x50e0</run_address>
         <size>0x68</size>
         <alignment>0x4</alignment>
         <input_file_ref idref="fl-3"/>
      </object_component>
      <object_component id="oc-391">
         <name>.text.__ledf2</name>
         <load_address>0x5148</load_address>
         <readonly>true</readonly>
         <executable>true</executable>
         <run_address>0x5148</run_address>
         <size>0x68</size>
         <alignment>0x4</alignment>
         <input_file_ref idref="fl-159"/>
      </object_component>
      <object_component id="oc-274">
         <name>.text.roundf</name>
         <load_address>0x51b0</load_address>
         <readonly>true</readonly>
         <executable>true</executable>
         <run_address>0x51b0</run_address>
         <size>0x68</size>
         <alignment>0x2</alignment>
         <input_file_ref idref="fl-6e"/>
      </object_component>
      <object_component id="oc-390">
         <name>.text._mcpy</name>
         <load_address>0x5218</load_address>
         <readonly>true</readonly>
         <executable>true</executable>
         <run_address>0x5218</run_address>
         <size>0x66</size>
         <alignment>0x2</alignment>
         <input_file_ref idref="fl-83"/>
      </object_component>
      <object_component id="oc-233">
         <name>.text.__TI_wrt_ok</name>
         <load_address>0x527e</load_address>
         <readonly>true</readonly>
         <executable>true</executable>
         <run_address>0x527e</run_address>
         <size>0x64</size>
         <alignment>0x2</alignment>
         <input_file_ref idref="fl-71"/>
      </object_component>
      <object_component id="oc-3b0">
         <name>.text.__aeabi_ldiv0</name>
         <load_address>0x52e2</load_address>
         <readonly>true</readonly>
         <executable>true</executable>
         <run_address>0x52e2</run_address>
         <size>0x2</size>
         <alignment>0x2</alignment>
         <input_file_ref idref="fl-15a"/>
      </object_component>
      <object_component id="oc-339">
         <name>.text.split</name>
         <load_address>0x52e4</load_address>
         <readonly>true</readonly>
         <executable>true</executable>
         <run_address>0x52e4</run_address>
         <size>0x64</size>
         <alignment>0x4</alignment>
         <input_file_ref idref="fl-78"/>
      </object_component>
      <object_component id="oc-32e">
         <name>.text.__aeabi_dcmp</name>
         <load_address>0x5348</load_address>
         <readonly>true</readonly>
         <executable>true</executable>
         <run_address>0x5348</run_address>
         <size>0x62</size>
         <alignment>0x4</alignment>
         <input_file_ref idref="fl-150"/>
      </object_component>
      <object_component id="oc-282">
         <name>.text._nop</name>
         <load_address>0x53aa</load_address>
         <readonly>true</readonly>
         <executable>true</executable>
         <run_address>0x53aa</run_address>
         <size>0x2</size>
         <alignment>0x2</alignment>
         <input_file_ref idref="fl-75"/>
      </object_component>
      <object_component id="oc-173">
         <name>.text.__aeabi_fcmp</name>
         <load_address>0x53ac</load_address>
         <readonly>true</readonly>
         <executable>true</executable>
         <run_address>0x53ac</run_address>
         <size>0x62</size>
         <alignment>0x4</alignment>
         <input_file_ref idref="fl-151"/>
      </object_component>
      <object_component id="oc-fa">
         <name>.text:memset</name>
         <load_address>0x540e</load_address>
         <readonly>true</readonly>
         <executable>true</executable>
         <run_address>0x540e</run_address>
         <size>0x62</size>
         <alignment>0x1</alignment>
         <input_file_ref idref="fl-15d"/>
      </object_component>
      <object_component id="oc-16b">
         <name>.text.BlueSerial_Printf</name>
         <load_address>0x5470</load_address>
         <readonly>true</readonly>
         <executable>true</executable>
         <run_address>0x5470</run_address>
         <size>0x60</size>
         <alignment>0x4</alignment>
         <input_file_ref idref="fl-3"/>
      </object_component>
      <object_component id="oc-2f4">
         <name>.text.HOSTopen</name>
         <load_address>0x54d0</load_address>
         <readonly>true</readonly>
         <executable>true</executable>
         <run_address>0x54d0</run_address>
         <size>0x60</size>
         <alignment>0x4</alignment>
         <input_file_ref idref="fl-13d"/>
      </object_component>
      <object_component id="oc-fb">
         <name>.text.SYSCFG_DL_initPower</name>
         <load_address>0x5530</load_address>
         <readonly>true</readonly>
         <executable>true</executable>
         <run_address>0x5530</run_address>
         <size>0x60</size>
         <alignment>0x4</alignment>
         <input_file_ref idref="fl-4"/>
      </object_component>
      <object_component id="oc-374">
         <name>.text.frexp</name>
         <load_address>0x5590</load_address>
         <readonly>true</readonly>
         <executable>true</executable>
         <run_address>0x5590</run_address>
         <size>0x5c</size>
         <alignment>0x4</alignment>
         <input_file_ref idref="fl-8f"/>
      </object_component>
      <object_component id="oc-15e">
         <name>.text.BlueSerial_UpdateActiveTask</name>
         <load_address>0x55ec</load_address>
         <readonly>true</readonly>
         <executable>true</executable>
         <run_address>0x55ec</run_address>
         <size>0x58</size>
         <alignment>0x4</alignment>
         <input_file_ref idref="fl-3"/>
      </object_component>
      <object_component id="oc-2fc">
         <name>.text.HOSTread</name>
         <load_address>0x5644</load_address>
         <readonly>true</readonly>
         <executable>true</executable>
         <run_address>0x5644</run_address>
         <size>0x58</size>
         <alignment>0x4</alignment>
         <input_file_ref idref="fl-13e"/>
      </object_component>
      <object_component id="oc-300">
         <name>.text.HOSTwrite</name>
         <load_address>0x569c</load_address>
         <readonly>true</readonly>
         <executable>true</executable>
         <run_address>0x569c</run_address>
         <size>0x58</size>
         <alignment>0x4</alignment>
         <input_file_ref idref="fl-141"/>
      </object_component>
      <object_component id="oc-94">
         <name>.text.Motor_Init</name>
         <load_address>0x56f4</load_address>
         <readonly>true</readonly>
         <executable>true</executable>
         <run_address>0x56f4</run_address>
         <size>0x58</size>
         <alignment>0x4</alignment>
         <input_file_ref idref="fl-9"/>
      </object_component>
      <object_component id="oc-380">
         <name>.text.__TI_ltoa</name>
         <load_address>0x574c</load_address>
         <readonly>true</readonly>
         <executable>true</executable>
         <run_address>0x574c</run_address>
         <size>0x58</size>
         <alignment>0x2</alignment>
         <input_file_ref idref="fl-89"/>
      </object_component>
      <object_component id="oc-333">
         <name>.text._pconv_f</name>
         <load_address>0x57a4</load_address>
         <readonly>true</readonly>
         <executable>true</executable>
         <run_address>0x57a4</run_address>
         <size>0x58</size>
         <alignment>0x2</alignment>
         <input_file_ref idref="fl-83"/>
      </object_component>
      <object_component id="oc-3bd">
         <name>.text.__aeabi_idivmod</name>
         <load_address>0x57fc</load_address>
         <readonly>true</readonly>
         <executable>true</executable>
         <run_address>0x57fc</run_address>
         <size>0x56</size>
         <alignment>0x4</alignment>
         <input_file_ref idref="fl-152"/>
      </object_component>
      <object_component id="oc-192">
         <name>.text.Alert_Request</name>
         <load_address>0x5854</load_address>
         <readonly>true</readonly>
         <executable>true</executable>
         <run_address>0x5854</run_address>
         <size>0x54</size>
         <alignment>0x4</alignment>
         <input_file_ref idref="fl-2"/>
      </object_component>
      <object_component id="oc-100">
         <name>.text.SYSCFG_DL_QEI_0_init</name>
         <load_address>0x58a8</load_address>
         <readonly>true</readonly>
         <executable>true</executable>
         <run_address>0x58a8</run_address>
         <size>0x54</size>
         <alignment>0x4</alignment>
         <input_file_ref idref="fl-4"/>
      </object_component>
      <object_component id="oc-23d">
         <name>.text.__TI_doflush</name>
         <load_address>0x58fc</load_address>
         <readonly>true</readonly>
         <executable>true</executable>
         <run_address>0x58fc</run_address>
         <size>0x52</size>
         <alignment>0x2</alignment>
         <input_file_ref idref="fl-84"/>
      </object_component>
      <object_component id="oc-38e">
         <name>.text._ecpy</name>
         <load_address>0x594e</load_address>
         <readonly>true</readonly>
         <executable>true</executable>
         <run_address>0x594e</run_address>
         <size>0x52</size>
         <alignment>0x2</alignment>
         <input_file_ref idref="fl-83"/>
      </object_component>
      <object_component id="oc-33b">
         <name>.text.close</name>
         <load_address>0x59a0</load_address>
         <readonly>true</readonly>
         <executable>true</executable>
         <run_address>0x59a0</run_address>
         <size>0x50</size>
         <alignment>0x4</alignment>
         <input_file_ref idref="fl-139"/>
      </object_component>
[...]
         <name>__stack</name>
         <value>0x20207e00</value>
         <object_component_ref idref="oc-1a"/>
      </symbol>
      <symbol id="sm-463">
         <name>__TI_auto_init_nobinit_nopinit</name>
         <value>0x5dc1</value>
         <object_component_ref idref="oc-e2"/>
      </symbol>
      <symbol id="sm-46b">
         <name>_system_pre_init</name>
         <value>0x677b</value>
         <object_component_ref idref="oc-76"/>
      </symbol>
      <symbol id="sm-476">
         <name>__TI_zero_init</name>
         <value>0x6565</value>
         <object_component_ref idref="oc-57"/>
      </symbol>
      <symbol id="sm-47f">
         <name>__TI_decompress_none</name>
         <value>0x6523</value>
         <object_component_ref idref="oc-20"/>
      </symbol>
      <symbol id="sm-48a">
         <name>__TI_decompress_lzss</name>
         <value>0x4c75</value>
         <object_component_ref idref="oc-1c"/>
      </symbol>
      <symbol id="sm-494">
         <name>floorf</name>
         <value>0x4851</value>
         <object_component_ref idref="oc-2b7"/>
      </symbol>
      <symbol id="sm-4dd">
         <name>__TI_printfi</name>
         <value>0xc1</value>
         <object_component_ref idref="oc-2dc"/>
      </symbol>
      <symbol id="sm-4e7">
         <name>__TI_doflush</name>
         <value>0x58fd</value>
         <object_component_ref idref="oc-23d"/>
      </symbol>
      <symbol id="sm-4f2">
         <name>__TI_cleanup</name>
         <value>0x5ee5</value>
         <object_component_ref idref="oc-2c8"/>
      </symbol>
      <symbol id="sm-4ff">
         <name>fseek</name>
         <value>0x6741</value>
         <object_component_ref idref="oc-296"/>
      </symbol>
      <symbol id="sm-500">
         <name>fseeko</name>
         <value>0x5009</value>
         <object_component_ref idref="oc-2be"/>
      </symbol>
      <symbol id="sm-501">
         <name>__aeabi_ctype_table_</name>
         <value>0x6780</value>
         <object_component_ref idref="oc-253"/>
      </symbol>
      <symbol id="sm-502">
         <name>__aeabi_ctype_table_C</name>
         <value>0x6780</value>
         <object_component_ref idref="oc-253"/>
      </symbol>
      <symbol id="sm-50d">
         <name>__aeabi_errno_addr</name>
         <value>0x6731</value>
         <object_component_ref idref="oc-31f"/>
      </symbol>
      <symbol id="sm-50e">
         <name>__aeabi_errno</name>
         <value>0x20200e38</value>
         <object_component_ref idref="oc-36a"/>
      </symbol>
      <symbol id="sm-517">
         <name>__TI_ltoa</name>
         <value>0x574d</value>
         <object_component_ref idref="oc-380"/>
      </symbol>
      <symbol id="sm-522">
         <name>memccpy</name>
         <value>0x6315</value>
         <object_component_ref idref="oc-314"/>
      </symbol>
      <symbol id="sm-52b">
         <name>strcspn</name>
         <value>0x62f1</value>
         <object_component_ref idref="oc-24a"/>
      </symbol>
      <symbol id="sm-534">
         <name>strspn</name>
         <value>0x61f1</value>
         <object_component_ref idref="oc-246"/>
      </symbol>
      <symbol id="sm-53e">
         <name>frexp</name>
         <value>0x5591</value>
         <object_component_ref idref="oc-374"/>
      </symbol>
      <symbol id="sm-53f">
         <name>frexpl</name>
         <value>0x5591</value>
         <object_component_ref idref="oc-374"/>
      </symbol>
      <symbol id="sm-549">
         <name>scalbn</name>
         <value>0x3fb5</value>
         <object_component_ref idref="oc-378"/>
      </symbol>
      <symbol id="sm-54a">
         <name>ldexp</name>
         <value>0x3fb5</value>
         <object_component_ref idref="oc-378"/>
      </symbol>
      <symbol id="sm-54b">
         <name>scalbnl</name>
         <value>0x3fb5</value>
         <object_component_ref idref="oc-378"/>
      </symbol>
      <symbol id="sm-54c">
         <name>ldexpl</name>
         <value>0x3fb5</value>
         <object_component_ref idref="oc-378"/>
      </symbol>
      <symbol id="sm-555">
         <name>wcslen</name>
         <value>0x6555</value>
         <object_component_ref idref="oc-31b"/>
      </symbol>
      <symbol id="sm-561">
         <name>__TI_closefile</name>
         <value>0x4bf9</value>
         <object_component_ref idref="oc-2eb"/>
      </symbol>
      <symbol id="sm-569">
         <name>HOSTexit</name>
         <value>0x676f</value>
         <object_component_ref idref="oc-1bd"/>
      </symbol>
      <symbol id="sm-56a">
         <name>C$$EXIT</name>
         <value>0x676e</value>
         <object_component_ref idref="oc-1bd"/>
      </symbol>
      <symbol id="sm-574">
         <name>write</name>
         <value>0x61a1</value>
         <object_component_ref idref="oc-239"/>
      </symbol>
      <symbol id="sm-579">
         <name>_device</name>
         <value>0x20200d48</value>
         <object_component_ref idref="oc-2d1"/>
      </symbol>
      <symbol id="sm-57a">
         <name>_stream</name>
         <value>0x20200dc0</value>
         <object_component_ref idref="oc-2a2"/>
      </symbol>
      <symbol id="sm-583">
         <name>remove</name>
         <value>0x6749</value>
         <object_component_ref idref="oc-33f"/>
      </symbol>
      <symbol id="sm-58e">
         <name>lseek</name>
         <value>0x6179</value>
         <object_component_ref idref="oc-2e0"/>
      </symbol>
      <symbol id="sm-598">
         <name>close</name>
         <value>0x59a1</value>
         <object_component_ref idref="oc-33b"/>
      </symbol>
      <symbol id="sm-5a2">
         <name>unlink</name>
         <value>0x60d1</value>
         <object_component_ref idref="oc-3a6"/>
      </symbol>
      <symbol id="sm-5ac">
         <name>HOSTclose</name>
         <value>0x5b21</value>
         <object_component_ref idref="oc-2f8"/>
      </symbol>
      <symbol id="sm-5b6">
         <name>HOSTlseek</name>
         <value>0x4ec5</value>
         <object_component_ref idref="oc-304"/>
      </symbol>
      <symbol id="sm-5c0">
         <name>HOSTopen</name>
         <value>0x54d1</value>
         <object_component_ref idref="oc-2f4"/>
      </symbol>
      <symbol id="sm-5c1">
         <name>parmbuf</name>
         <value>0x20200c48</value>
         <object_component_ref idref="oc-34d"/>
      </symbol>
      <symbol id="sm-5cb">
         <name>HOSTread</name>
         <value>0x5645</value>
         <object_component_ref idref="oc-2fc"/>
      </symbol>
      <symbol id="sm-5dc">
         <name>HOSTrename</name>
         <value>0x4f31</value>
         <object_component_ref idref="oc-30c"/>
      </symbol>
      <symbol id="sm-5e6">
         <name>HOSTunlink</name>
         <value>0x5b69</value>
         <object_component_ref idref="oc-308"/>
      </symbol>
      <symbol id="sm-5f0">
         <name>HOSTwrite</name>
         <value>0x569d</value>
         <object_component_ref idref="oc-300"/>
      </symbol>
      <symbol id="sm-5fe">
         <name>C$$IO$$</name>
         <value>0x5f79</value>
         <object_component_ref idref="oc-346"/>
      </symbol>
      <symbol id="sm-5ff">
         <name>__TI_writemsg</name>
         <value>0x5f4d</value>
         <object_component_ref idref="oc-346"/>
      </symbol>
      <symbol id="sm-600">
         <name>__CIOBUF_</name>
         <value>0x20200800</value>
         <object_component_ref idref="oc-3ad"/>
      </symbol>
      <symbol id="sm-601">
         <name>__TI_readmsg</name>
         <value>0x5f19</value>
         <object_component_ref idref="oc-34c"/>
      </symbol>
      <symbol id="sm-602">
         <name>_CIOBUF_</name>
         <value>0x20200800</value>
         <object_component_ref idref="oc-3ad"/>
      </symbol>
      <symbol id="sm-60d">
         <name>__eqsf2</name>
         <value>0x5dfd</value>
         <object_component_ref idref="oc-263"/>
      </symbol>
      <symbol id="sm-60e">
         <name>__lesf2</name>
         <value>0x5dfd</value>
         <object_component_ref idref="oc-263"/>
      </symbol>
      <symbol id="sm-60f">
         <name>__ltsf2</name>
         <value>0x5dfd</value>
         <object_component_ref idref="oc-263"/>
      </symbol>
      <symbol id="sm-610">
         <name>__nesf2</name>
         <value>0x5dfd</value>
         <object_component_ref idref="oc-263"/>
      </symbol>
      <symbol id="sm-611">
         <name>__cmpsf2</name>
         <value>0x5dfd</value>
         <object_component_ref idref="oc-263"/>
      </symbol>
      <symbol id="sm-612">
         <name>__gtsf2</name>
         <value>0x5d85</value>
         <object_component_ref idref="oc-264"/>
      </symbol>
      <symbol id="sm-613">
         <name>__gesf2</name>
         <value>0x5d85</value>
         <object_component_ref idref="oc-264"/>
      </symbol>
      <symbol id="sm-614">
         <name>__unordsf2</name>
         <value>0x64a9</value>
         <object_component_ref idref="oc-1a6"/>
      </symbol>
      <symbol id="sm-615">
         <name>__aeabi_fcmpun</name>
         <value>0x64a9</value>
         <object_component_ref idref="oc-1a6"/>
      </symbol>
      <symbol id="sm-61b">
         <name>__aeabi_fadd</name>
         <value>0x4097</value>
         <object_component_ref idref="oc-177"/>
      </symbol>
      <symbol id="sm-61c">
         <name>__addsf3</name>
         <value>0x4097</value>
         <object_component_ref idref="oc-177"/>
      </symbol>
      <symbol id="sm-61d">
         <name>__aeabi_fsub</name>
         <value>0x408d</value>
         <object_component_ref idref="oc-177"/>
      </symbol>
      <symbol id="sm-61e">
         <name>__subsf3</name>
         <value>0x408d</value>
         <object_component_ref idref="oc-177"/>
      </symbol>
      <symbol id="sm-627">
         <name>__aeabi_dadd</name>
         <value>0x2787</value>
         <object_component_ref idref="oc-39d"/>
      </symbol>
      <symbol id="sm-628">
         <name>__adddf3</name>
         <value>0x2787</value>
         <object_component_ref idref="oc-39d"/>
      </symbol>
      <symbol id="sm-629">
         <name>__aeabi_dsub</name>
         <value>0x277d</value>
         <object_component_ref idref="oc-39d"/>
      </symbol>
      <symbol id="sm-62a">
         <name>__subdf3</name>
         <value>0x277d</value>
         <object_component_ref idref="oc-39d"/>
      </symbol>
      <symbol id="sm-633">
         <name>__aeabi_dmul</name>
         <value>0x3df1</value>
         <object_component_ref idref="oc-389"/>
      </symbol>
      <symbol id="sm-634">
         <name>__muldf3</name>
         <value>0x3df1</value>
         <object_component_ref idref="oc-389"/>
      </symbol>
      <symbol id="sm-63a">
         <name>__muldsi3</name>
         <value>0x5e39</value>
         <object_component_ref idref="oc-225"/>
      </symbol>
      <symbol id="sm-640">
         <name>__aeabi_fmul</name>
         <value>0x47c5</value>
         <object_component_ref idref="oc-14b"/>
      </symbol>
      <symbol id="sm-641">
         <name>__mulsf3</name>
         <value>0x47c5</value>
         <object_component_ref idref="oc-14b"/>
      </symbol>
      <symbol id="sm-647">
         <name>__aeabi_fdiv</name>
         <value>0x49f9</value>
         <object_component_ref idref="oc-146"/>
      </symbol>
      <symbol id="sm-648">
         <name>__divsf3</name>
         <value>0x49f9</value>
         <object_component_ref idref="oc-146"/>
      </symbol>
      <symbol id="sm-651">
         <name>__aeabi_ddiv</name>
         <value>0x363d</value>
         <object_component_ref idref="oc-399"/>
      </symbol>
      <symbol id="sm-652">
         <name>__divdf3</name>
         <value>0x363d</value>
         <object_component_ref idref="oc-399"/>
      </symbol>
      <symbol id="sm-658">
         <name>__aeabi_d2iz</name>
         <value>0x5a8d</value>
         <object_component_ref idref="oc-37c"/>
      </symbol>
      <symbol id="sm-659">
         <name>__fixdfsi</name>
         <value>0x5a8d</value>
         <object_component_ref idref="oc-37c"/>
      </symbol>
      <symbol id="sm-65f">
         <name>__aeabi_f2iz</name>
         <value>0x5ead</value>
         <object_component_ref idref="oc-17b"/>
      </symbol>
      <symbol id="sm-660">
         <name>__fixsfsi</name>
         <value>0x5ead</value>
         <object_component_ref idref="oc-17b"/>
      </symbol>
      <symbol id="sm-666">
         <name>__aeabi_i2d</name>
         <value>0x60a5</value>
         <object_component_ref idref="oc-384"/>
      </symbol>
      <symbol id="sm-667">
         <name>__floatsidf</name>
         <value>0x60a5</value>
         <object_component_ref idref="oc-384"/>
      </symbol>
      <symbol id="sm-66d">
         <name>__aeabi_i2f</name>
         <value>0x5d49</value>
         <object_component_ref idref="oc-142"/>
      </symbol>
      <symbol id="sm-66e">
         <name>__floatsisf</name>
         <value>0x5d49</value>
         <object_component_ref idref="oc-142"/>
      </symbol>
      <symbol id="sm-674">
         <name>__aeabi_lmul</name>
         <value>0x6285</value>
         <object_component_ref idref="oc-324"/>
      </symbol>
      <symbol id="sm-675">
         <name>__muldi3</name>
         <value>0x6285</value>
         <object_component_ref idref="oc-324"/>
      </symbol>
      <symbol id="sm-67b">
         <name>__aeabi_dcmpeq</name>
         <value>0x5349</value>
         <object_component_ref idref="oc-32e"/>
      </symbol>
      <symbol id="sm-67c">
         <name>__aeabi_dcmplt</name>
         <value>0x535d</value>
         <object_component_ref idref="oc-32e"/>
      </symbol>
      <symbol id="sm-67d">
         <name>__aeabi_dcmple</name>
         <value>0x5371</value>
         <object_component_ref idref="oc-32e"/>
      </symbol>
      <symbol id="sm-67e">
         <name>__aeabi_dcmpge</name>
         <value>0x5385</value>
         <object_component_ref idref="oc-32e"/>
      </symbol>
      <symbol id="sm-67f">
         <name>__aeabi_dcmpgt</name>
         <value>0x5399</value>
         <object_component_ref idref="oc-32e"/>
      </symbol>
      <symbol id="sm-685">
         <name>__aeabi_fcmpeq</name>
         <value>0x53ad</value>
         <object_component_ref idref="oc-173"/>
      </symbol>
      <symbol id="sm-686">
         <name>__aeabi_fcmplt</name>
         <value>0x53c1</value>
         <object_component_ref idref="oc-173"/>
      </symbol>
      <symbol id="sm-687">
         <name>__aeabi_fcmple</name>
         <value>0x53d5</value>
         <object_component_ref idref="oc-173"/>
      </symbol>
      <symbol id="sm-688">
         <name>__aeabi_fcmpge</name>
         <value>0x53e9</value>
         <object_component_ref idref="oc-173"/>
      </symbol>
      <symbol id="sm-689">
         <name>__aeabi_fcmpgt</name>
         <value>0x53fd</value>
         <object_component_ref idref="oc-173"/>
      </symbol>
      <symbol id="sm-68f">
         <name>__aeabi_idiv</name>
         <value>0x57fd</value>
         <object_component_ref idref="oc-3bd"/>
      </symbol>
      <symbol id="sm-690">
         <name>__aeabi_idivmod</name>
         <value>0x57fd</value>
         <object_component_ref idref="oc-3bd"/>
      </symbol>
      <symbol id="sm-696">
         <name>__aeabi_memcpy</name>
         <value>0x6739</value>
         <object_component_ref idref="oc-4a"/>
      </symbol>
      <symbol id="sm-697">
         <name>__aeabi_memcpy4</name>
         <value>0x6739</value>
         <object_component_ref idref="oc-4a"/>
      </symbol>
      <symbol id="sm-698">
         <name>__aeabi_memcpy8</name>
         <value>0x6739</value>
         <object_component_ref idref="oc-4a"/>
      </symbol>
      <symbol id="sm-6a1">
         <name>__aeabi_memset</name>
         <value>0x6585</value>
         <object_component_ref idref="oc-313"/>
      </symbol>
      <symbol id="sm-6a2">
         <name>__aeabi_memset4</name>
         <value>0x6585</value>
         <object_component_ref idref="oc-313"/>
      </symbol>
      <symbol id="sm-6a3">
         <name>__aeabi_memset8</name>
         <value>0x6585</value>
         <object_component_ref idref="oc-313"/>
      </symbol>
      <symbol id="sm-6a4">
         <name>__aeabi_memclr</name>
         <value>0x66c5</value>
         <object_component_ref idref="oc-71"/>
      </symbol>
      <symbol id="sm-6a5">
         <name>__aeabi_memclr4</name>
         <value>0x66c5</value>
         <object_component_ref idref="oc-71"/>
      </symbol>
      <symbol id="sm-6a6">
         <name>__aeabi_memclr8</name>
         <value>0x66c5</value>
         <object_component_ref idref="oc-71"/>
      </symbol>
      <symbol id="sm-6ac">
         <name>__aeabi_uidiv</name>
         <value>0x5cc9</value>
         <object_component_ref idref="oc-17f"/>
      </symbol>
      <symbol id="sm-6ad">
         <name>__aeabi_uidivmod</name>
         <value>0x5cc9</value>
         <object_component_ref idref="oc-17f"/>
      </symbol>
      <symbol id="sm-6b3">
         <name>__aeabi_uldivmod</name>
         <value>0x64e9</value>
         <object_component_ref idref="oc-329"/>
      </symbol>
      <symbol id="sm-6b9">
         <name>__udivmoddi4</name>
         <value>0x4449</value>
         <object_component_ref idref="oc-36f"/>
      </symbol>
      <symbol id="sm-6bf">
         <name>__aeabi_llsl</name>
         <value>0x6379</value>
         <object_component_ref idref="oc-3b1"/>
      </symbol>
      <symbol id="sm-6c0">
         <name>__ashldi3</name>
         <value>0x6379</value>
         <object_component_ref idref="oc-3b1"/>
      </symbol>
      <symbol id="sm-6ce">
         <name>__ledf2</name>
         <value>0x5149</value>
         <object_component_ref idref="oc-391"/>
      </symbol>
      <symbol id="sm-6cf">
         <name>__gedf2</name>
         <value>0x4e51</value>
         <object_component_ref idref="oc-397"/>
      </symbol>
      <symbol id="sm-6d0">
         <name>__cmpdf2</name>
         <value>0x5149</value>
         <object_component_ref idref="oc-391"/>
      </symbol>
      <symbol id="sm-6d1">
         <name>__eqdf2</name>
         <value>0x5149</value>
         <object_component_ref idref="oc-391"/>
      </symbol>
      <symbol id="sm-6d2">
         <name>__ltdf2</name>
         <value>0x5149</value>
         <object_component_ref idref="oc-391"/>
      </symbol>
      <symbol id="sm-6d3">
         <name>__nedf2</name>
         <value>0x5149</value>
         <object_component_ref idref="oc-391"/>
      </symbol>
      <symbol id="sm-6d4">
         <name>__gtdf2</name>
         <value>0x4e51</value>
         <object_component_ref idref="oc-397"/>
      </symbol>
      <symbol id="sm-6e0">
         <name>__aeabi_idiv0</name>
         <value>0x4a7b</value>
         <object_component_ref idref="oc-268"/>
      </symbol>
      <symbol id="sm-6e1">
         <name>__aeabi_ldiv0</name>
         <value>0x52e3</value>
         <object_component_ref idref="oc-3b0"/>
      </symbol>
      <symbol id="sm-6ef">
         <name>finddevice</name>
         <value>0x5fb5</value>
         <object_component_ref idref="oc-3d5"/>
      </symbol>
      <symbol id="sm-6f0">
         <name>getdevice</name>
         <value>0x5075</value>
         <object_component_ref idref="oc-3ca"/>
      </symbol>
      <symbol id="sm-709">
         <name>memcpy</name>
         <value>0x44eb</value>
         <object_component_ref idref="oc-8a"/>
      </symbol>
      <symbol id="sm-718">
         <name>memset</name>
         <value>0x540f</value>
         <object_component_ref idref="oc-fa"/>
      </symbol>
      <symbol id="sm-719">
         <name>__TI_static_base__</name>
         <value>0x0</value>
      </symbol>
      <symbol id="sm-71d">
         <name>__mpu_init</name>
         <value>0x0</value>
      </symbol>
      <symbol id="sm-71e">
         <name>_system_post_cinit</name>
         <value>0x0</value>
      </symbol>
   </symbol_table>
   <title>Link successful</title>
</link_info>
